Component: Arm Compiler for Embedded 6.21 Tool: armlink [5ec1fa00]

==============================================================================

Section Cross References

    main.o(.text.initUART2) refers to aeabi_sdiv.o(.text) for __aeabi_uidiv
    main.o(.text.initUART2) refers to main.o(.text.__NVIC_SetPriority) for __NVIC_SetPriority
    main.o(.text.initUART2) refers to main.o(.text.__NVIC_ClearPendingIRQ) for __NVIC_ClearPendingIRQ
    main.o(.text.initUART2) refers to main.o(.text.__NVIC_EnableIRQ) for __NVIC_EnableIRQ
    main.o(.ARM.exidx.text.initUART2) refers to main.o(.text.initUART2) for [Anonymous Symbol]
    main.o(.ARM.exidx.text.__NVIC_SetPriority) refers to main.o(.text.__NVIC_SetPriority) for [Anonymous Symbol]
    main.o(.ARM.exidx.text.__NVIC_ClearPendingIRQ) refers to main.o(.text.__NVIC_ClearPendingIRQ) for [Anonymous Symbol]
    main.o(.ARM.exidx.text.__NVIC_EnableIRQ) refers to main.o(.text.__NVIC_EnableIRQ) for [Anonymous Symbol]
    main.o(.ARM.exidx.text.moveStop) refers to main.o(.text.moveStop) for [Anonymous Symbol]
    main.o(.text.moveForward) refers to fflti.o(.text) for __aeabi_i2f
    main.o(.text.moveForward) refers to fdiv.o(.text) for __aeabi_fdiv
    main.o(.text.moveForward) refers to fmul.o(x$fpl$fmul) for __aeabi_fmul
    main.o(.text.moveForward) refers to ffixi.o(.text) for __aeabi_f2iz
    main.o(.ARM.exidx.text.moveForward) refers to main.o(.text.moveForward) for [Anonymous Symbol]
    main.o(.text.moveBackward) refers to fflti.o(.text) for __aeabi_i2f
    main.o(.text.moveBackward) refers to fdiv.o(.text) for __aeabi_fdiv
    main.o(.text.moveBackward) refers to fmul.o(x$fpl$fmul) for __aeabi_fmul
    main.o(.text.moveBackward) refers to ffixi.o(.text) for __aeabi_f2iz
    main.o(.ARM.exidx.text.moveBackward) refers to main.o(.text.moveBackward) for [Anonymous Symbol]
    main.o(.text.moveLeft) refers to fflti.o(.text) for __aeabi_i2f
    main.o(.text.moveLeft) refers to fdiv.o(.text) for __aeabi_fdiv
    main.o(.text.moveLeft) refers to fmul.o(x$fpl$fmul) for __aeabi_fmul
    main.o(.text.moveLeft) refers to ffixi.o(.text) for __aeabi_f2iz
    main.o(.ARM.exidx.text.moveLeft) refers to main.o(.text.moveLeft) for [Anonymous Symbol]
    main.o(.text.moveRight) refers to fflti.o(.text) for __aeabi_i2f
    main.o(.text.moveRight) refers to fdiv.o(.text) for __aeabi_fdiv
    main.o(.text.moveRight) refers to fmul.o(x$fpl$fmul) for __aeabi_fmul
    main.o(.text.moveRight) refers to ffixi.o(.text) for __aeabi_f2iz
    main.o(.ARM.exidx.text.moveRight) refers to main.o(.text.moveRight) for [Anonymous Symbol]
    main.o(.ARM.exidx.text.initMotors) refers to main.o(.text.initMotors) for [Anonymous Symbol]
    main.o(.ARM.exidx.text.delay) refers to main.o(.text.delay) for [Anonymous Symbol]
    main.o(.ARM.exidx.text.PWM_Init) refers to main.o(.text.PWM_Init) for [Anonymous Symbol]
    main.o(.text.audioConnEst) refers to aeabi_sdiv.o(.text) for __aeabi_uidiv
    main.o(.text.audioConnEst) refers to rtx_delay.o(.text.osDelay) for osDelay
    main.o(.text.audioConnEst) refers to main.o(.data.songConnEst) for [Anonymous Symbol]
    main.o(.ARM.exidx.text.audioConnEst) refers to main.o(.text.audioConnEst) for [Anonymous Symbol]
    main.o(.text.audioSong) refers to aeabi_sdiv.o(.text) for __aeabi_uidiv
    main.o(.text.audioSong) refers to rtx_delay.o(.text.osDelay) for osDelay
    main.o(.text.audioSong) refers to main.o(.data.songMain) for [Anonymous Symbol]
    main.o(.ARM.exidx.text.audioSong) refers to main.o(.text.audioSong) for [Anonymous Symbol]
    main.o(.text.audioRunFin) refers to aeabi_sdiv.o(.text) for __aeabi_uidiv
    main.o(.text.audioRunFin) refers to rtx_delay.o(.text.osDelay) for osDelay
    main.o(.text.audioRunFin) refers to main.o(.data.songRunFin) for [Anonymous Symbol]
    main.o(.ARM.exidx.text.audioRunFin) refers to main.o(.text.audioRunFin) for [Anonymous Symbol]
    main.o(.text.music) refers to main.o(.text.audioSong) for audioSong
    main.o(.text.music) refers to main.o(.bss.currNote) for [Anonymous Symbol]
    main.o(.ARM.exidx.text.music) refers to main.o(.text.music) for [Anonymous Symbol]
    main.o(.ARM.exidx.text.delay1) refers to main.o(.text.delay1) for [Anonymous Symbol]
    main.o(.ARM.exidx.text.initLED) refers to main.o(.text.initLED) for [Anonymous Symbol]
    main.o(.text.flashGreen) refers to rtx_delay.o(.text.osDelay) for osDelay
    main.o(.ARM.exidx.text.flashGreen) refers to main.o(.text.flashGreen) for [Anonymous Symbol]
    main.o(.text.RedBlink) refers to rtx_delay.o(.text.osDelay) for osDelay
    main.o(.ARM.exidx.text.RedBlink) refers to main.o(.text.RedBlink) for [Anonymous Symbol]
    main.o(.text.UART2_IRQHandler) refers to main.o(.text.__NVIC_ClearPendingIRQ) for __NVIC_ClearPendingIRQ
    main.o(.text.UART2_IRQHandler) refers to main.o(.bss.data) for [Anonymous Symbol]
[...]
    .ARM.Collect$$libshutdown$$00000004      0x00000142   Section        0  libshutdown2.o(.ARM.Collect$$libshutdown$$00000004)
    .ARM.Collect$$libshutdown$$00000007      0x00000142   Section        0  libshutdown2.o(.ARM.Collect$$libshutdown$$00000007)
    .ARM.Collect$$libshutdown$$0000000A      0x00000142   Section        0  libshutdown2.o(.ARM.Collect$$libshutdown$$0000000A)
    .ARM.Collect$$libshutdown$$0000000C      0x00000142   Section        0  libshutdown2.o(.ARM.Collect$$libshutdown$$0000000C)
    .ARM.Collect$$libshutdown$$0000000F      0x00000142   Section        0  libshutdown2.o(.ARM.Collect$$libshutdown$$0000000F)
    .ARM.Collect$$libshutdown$$00000010      0x00000142   Section        2  libshutdown2.o(.ARM.Collect$$libshutdown$$00000010)
    .ARM.Collect$$rtentry$$00000000          0x00000144   Section        0  __rtentry.o(.ARM.Collect$$rtentry$$00000000)
    .ARM.Collect$$rtentry$$00000002          0x00000144   Section        0  __rtentry2.o(.ARM.Collect$$rtentry$$00000002)
    .ARM.Collect$$rtentry$$00000004          0x00000144   Section        6  __rtentry4.o(.ARM.Collect$$rtentry$$00000004)
    .ARM.Collect$$rtentry$$00000008          0x0000014a   Section        8  __rtentry2.o(.ARM.Collect$$rtentry$$00000008)
    .ARM.Collect$$rtentry$$0000000A          0x00000152   Section        4  __rtentry2.o(.ARM.Collect$$rtentry$$0000000A)
    .ARM.Collect$$rtentry$$0000000C          0x00000156   Section        0  __rtentry2.o(.ARM.Collect$$rtentry$$0000000C)
    .ARM.Collect$$rtentry$$0000000D          0x00000156   Section        8  __rtentry2.o(.ARM.Collect$$rtentry$$0000000D)
    .ARM.Collect$$rtexit$$00000000           0x0000015e   Section        2  rtexit.o(.ARM.Collect$$rtexit$$00000000)
    .ARM.Collect$$rtexit$$00000002           0x00000160   Section        0  rtexit2.o(.ARM.Collect$$rtexit$$00000002)
    .ARM.Collect$$rtexit$$00000003           0x00000160   Section        4  rtexit2.o(.ARM.Collect$$rtexit$$00000003)
    .ARM.Collect$$rtexit$$00000004           0x00000164   Section        6  rtexit2.o(.ARM.Collect$$rtexit$$00000004)
    .emb_text                                0x0000016c   Section       56  rt_memcpy.o(.emb_text)
    .text                                    0x000001a4   Section       64  startup_mkl25z4.o(.text)
    .text                                    0x000001e4   Section      164  irq_cm0.o(.text)
    .text                                    0x00000288   Section        0  rt_memcpy.o(.text)
    .text                                    0x0000030a   Section        0  rt_memclr.o(.text)
    .text                                    0x0000034a   Section        0  heapauxi.o(.text)
    .text                                    0x00000350   Section        0  ffixi.o(.text)
    .text                                    0x0000039c   Section        0  fflti.o(.text)
    .text                                    0x000003fa   Section        2  use_no_semi.o(.text)
    [Anonymous Symbol]                       0x000003fc   Section        0  rtx_kernel.o(.text.osRtxKernelPreInit)
    .text                                    0x000003fc   Section        0  indicate_semi.o(.text)
    [Anonymous Symbol]                       0x000003fe   Section        0  rtx_lib.o(.text.osRtxThreadStackCheck)
    .ARM.__at_0x400                          0x00000400   Section       16  startup_mkl25z4.o(.ARM.__at_0x400)
    .text                                    0x00000410   Section      364  aeabi_sdiv.o(.text)
    .text                                    0x0000057c   Section        0  fdiv.o(.text)
    .text                                    0x000006dc   Section       62  sys_stackheap_outer.o(.text)
    .text                                    0x0000071a   Section        0  exit.o(.text)
    .text                                    0x0000072c   Section        8  libspace.o(.text)
    .text                                    0x00000734   Section        0  sys_exit.o(.text)
    .text                                    0x00000740   Section        0  __dczerorl2.o(.text)
    MessageQueueGet                          0x00000797   Thumb Code    76  rtx_msgqueue.o(.text.MessageQueueGet)
    [Anonymous Symbol]                       0x00000796   Section        0  rtx_msgqueue.o(.text.MessageQueueGet)
    MessageQueuePut                          0x000007e3   Thumb Code    98  rtx_msgqueue.o(.text.MessageQueuePut)
    [Anonymous Symbol]                       0x000007e2   Section        0  rtx_msgqueue.o(.text.MessageQueuePut)
    MessageQueueRemove                       0x00000845   Thumb Code    30  rtx_msgqueue.o(.text.MessageQueueRemove)
    [Anonymous Symbol]                       0x00000844   Section        0  rtx_msgqueue.o(.text.MessageQueueRemove)
    [Anonymous Symbol]                       0x00000864   Section        0  os_systick.o(.text.OS_Tick_AcknowledgeIRQ)
    [Anonymous Symbol]                       0x0000086c   Section        0  os_systick.o(.text.OS_Tick_Enable)
    __arm_cp.1_1                             0x0000088c   Number         4  os_systick.o(.text.OS_Tick_Enable)
    [Anonymous Symbol]                       0x00000890   Section        0  os_systick.o(.text.OS_Tick_GetIRQn)
    [Anonymous Symbol]                       0x00000898   Section        0  os_systick.o(.text.OS_Tick_Setup)
    __arm_cp.0_1                             0x000008d4   Number         4  os_systick.o(.text.OS_Tick_Setup)
    __arm_cp.0_2                             0x000008d8   Number         4  os_systick.o(.text.OS_Tick_Setup)
    __arm_cp.0_3                             0x000008dc   Number         4  os_systick.o(.text.OS_Tick_Setup)
    [Anonymous Symbol]                       0x000008e0   Section        0  main.o(.text.PWM_Init)
    __arm_cp.11_1                            0x00000938   Number         4  main.o(.text.PWM_Init)
    __arm_cp.11_2                            0x0000093c   Number         4  main.o(.text.PWM_Init)
    __arm_cp.11_4                            0x00000940   Number         4  main.o(.text.PWM_Init)
    __arm_cp.11_5                            0x00000944   Number         4  main.o(.text.PWM_Init)
    __arm_cp.11_6                            0x00000948   Number         4  main.o(.text.PWM_Init)
    __arm_cp.11_7                            0x0000094c   Number         4  main.o(.text.PWM_Init)
    __arm_cp.11_8                            0x00000950   Number         4  main.o(.text.PWM_Init)
    [Anonymous Symbol]                       0x00000954   Section        0  main.o(.text.RedBlink)
    __arm_cp.19_0                            0x0000097c   Number         4  main.o(.text.RedBlink)
    __arm_cp.19_1                            0x00000980   Number         4  main.o(.text.RedBlink)
    [Anonymous Symbol]                       0x00000984   Section        0  system_mkl25z4.o(.text.SystemCoreClockUpdate)
    __arm_cp.1_1                             0x00000b80   Number         4  system_mkl25z4.o(.text.SystemCoreClockUpdate)
    __arm_cp.1_4                             0x00000b84   Number         4  system_mkl25z4.o(.text.SystemCoreClockUpdate)
    __arm_cp.1_8                             0x00000b88   Number         4  system_mkl25z4.o(.text.SystemCoreClockUpdate)
    __arm_cp.1_9                             0x00000b8c   Number         4  system_mkl25z4.o(.text.SystemCoreClockUpdate)
    __arm_cp.1_11                            0x00000b90   Number         4  system_mkl25z4.o(.text.SystemCoreClockUpdate)
    [Anonymous Symbol]                       0x00000b94   Section        0  system_mkl25z4.o(.text.SystemInit)
    __arm_cp.0_0                             0x00000c94   Number         4  system_mkl25z4.o(.text.SystemInit)
    __arm_cp.0_1                             0x00000c98   Number         4  system_mkl25z4.o(.text.SystemInit)
    __arm_cp.0_2                             0x00000c9c   Number         4  system_mkl25z4.o(.text.SystemInit)
    __arm_cp.0_3                             0x00000ca0   Number         4  system_mkl25z4.o(.text.SystemInit)
    __arm_cp.0_4                             0x00000ca4   Number         4  system_mkl25z4.o(.text.SystemInit)
    __arm_cp.0_5                             0x00000ca8   Number         4  system_mkl25z4.o(.text.SystemInit)
    __arm_cp.0_6                             0x00000cac   Number         4  system_mkl25z4.o(.text.SystemInit)
    __arm_cp.0_7                             0x00000cb0   Number         4  system_mkl25z4.o(.text.SystemInit)
    __arm_cp.0_8                             0x00000cb4   Number         4  system_mkl25z4.o(.text.SystemInit)
    __arm_cp.0_9                             0x00000cb8   Number         4  system_mkl25z4.o(.text.SystemInit)
    __arm_cp.0_10                            0x00000cbc   Number         4  system_mkl25z4.o(.text.SystemInit)
    __arm_cp.0_11                            0x00000cc0   Number         4  system_mkl25z4.o(.text.SystemInit)
    __arm_cp.0_12                            0x00000cc4   Number         4  system_mkl25z4.o(.text.SystemInit)
    __arm_cp.0_13                            0x00000cc8   Number         4  system_mkl25z4.o(.text.SystemInit)
    __arm_cp.0_14                            0x00000ccc   Number         4  system_mkl25z4.o(.text.SystemInit)
    __arm_cp.0_15                            0x00000cd0   Number         4  system_mkl25z4.o(.text.SystemInit)
    __arm_cp.0_16                            0x00000cd4   Number         4  system_mkl25z4.o(.text.SystemInit)
    __arm_cp.0_17                            0x00000cd8   Number         4  system_mkl25z4.o(.text.SystemInit)
    __arm_cp.0_18                            0x00000cdc   Number         4  system_mkl25z4.o(.text.SystemInit)
    __arm_cp.0_19                            0x00000ce0   Number         4  system_mkl25z4.o(.text.SystemInit)
    ThreadFlagsCheck                         0x00000ce5   Thumb Code    78  rtx_thread.o(.text.ThreadFlagsCheck)
    [Anonymous Symbol]                       0x00000ce4   Section        0  rtx_thread.o(.text.ThreadFlagsCheck)
    TimerInsert                              0x00000d35   Thumb Code    76  rtx_timer.o(.text.TimerInsert)
    [Anonymous Symbol]                       0x00000d34   Section        0  rtx_timer.o(.text.TimerInsert)
    __arm_cp.8_0                             0x00000d7c   Number         4  rtx_timer.o(.text.TimerInsert)
    [Anonymous Symbol]                       0x00000d80   Section        0  main.o(.text.UART2_IRQHandler)
    __arm_cp.20_0                            0x00000da0   Number         4  main.o(.text.UART2_IRQHandler)
    __arm_cp.20_1                            0x00000da4   Number         4  main.o(.text.UART2_IRQHandler)
    __arm_cp.20_2                            0x00000da8   Number         4  main.o(.text.UART2_IRQHandler)
    __NVIC_ClearPendingIRQ                   0x00000dad   Thumb Code    40  main.o(.text.__NVIC_ClearPendingIRQ)
    [Anonymous Symbol]                       0x00000dac   Section        0  main.o(.text.__NVIC_ClearPendingIRQ)
    __arm_cp.2_0                             0x00000dd4   Number         4  main.o(.text.__NVIC_ClearPendingIRQ)
    __NVIC_EnableIRQ                         0x00000dd9   Thumb Code    40  main.o(.text.__NVIC_EnableIRQ)
    [Anonymous Symbol]                       0x00000dd8   Section        0  main.o(.text.__NVIC_EnableIRQ)
    __arm_cp.3_0                             0x00000e00   Number         4  main.o(.text.__NVIC_EnableIRQ)
    __NVIC_SetPriority                       0x00000e05   Thumb Code   124  main.o(.text.__NVIC_SetPriority)
    [Anonymous Symbol]                       0x00000e04   Section        0  main.o(.text.__NVIC_SetPriority)
    __arm_cp.1_0                             0x00000e80   Number         4  main.o(.text.__NVIC_SetPriority)
    __arm_cp.1_1                             0x00000e84   Number         4  main.o(.text.__NVIC_SetPriority)
    __tagsym$$used.1                         0x00000e88   Number         0  rtx_lib.o(.text._mutex_acquire)
    [Anonymous Symbol]                       0x00000e88   Section        0  rtx_lib.o(.text._mutex_acquire)
    __tagsym$$used.3                         0x00000eaa   Number         0  rtx_lib.o(.text._mutex_free)
    [Anonymous Symbol]                       0x00000eaa   Section        0  rtx_lib.o(.text._mutex_free)
    __tagsym$$used.0                         0x00000ebc   Number         0  rtx_lib.o(.text._mutex_initialize)
    [Anonymous Symbol]                       0x00000ebc   Section        0  rtx_lib.o(.text._mutex_initialize)
    __tagsym$$used.2                         0x00000ef0   Number         0  rtx_lib.o(.text._mutex_release)
    [Anonymous Symbol]                       0x00000ef0   Section        0  rtx_lib.o(.text._mutex_release)
    [Anonymous Symbol]                       0x00000f0e   Section        0  rtx_lib.o(.text._platform_post_stackheap_init)
    [Anonymous Symbol]                       0x00000f18   Section        0  main.o(.text.audioSong)
    __arm_cp.13_0                            0x00000f58   Number         4  main.o(.text.audioSong)
    __arm_cp.13_1                            0x00000f5c   Number         4  main.o(.text.audioSong)
    __arm_cp.13_2                            0x00000f60   Number         4  main.o(.text.audioSong)
    __arm_cp.13_3                            0x00000f64   Number         4  main.o(.text.audioSong)
    [Anonymous Symbol]                       0x00000f68   Section        0  main.o(.text.flashGreen)
    __arm_cp.18_0                            0x00001020   Number         4  main.o(.text.flashGreen)
    __arm_cp.18_1                            0x00001024   Number         4  main.o(.text.flashGreen)
    __arm_cp.18_2                            0x00001028   Number         4  main.o(.text.flashGreen)
    __arm_cp.18_3                            0x0000102c   Number         4  main.o(.text.flashGreen)
    __arm_cp.18_4                            0x00001030   Number         4  main.o(.text.flashGreen)
    __arm_cp.18_5                            0x00001034   Number         4  main.o(.text.flashGreen)
    __arm_cp.18_6                            0x00001038   Number         4  main.o(.text.flashGreen)
    __arm_cp.18_7                            0x0000103c   Number         4  main.o(.text.flashGreen)
    [Anonymous Symbol]                       0x00001040   Section        0  main.o(.text.initLED)
    __arm_cp.17_1                            0x00001120   Number         4  main.o(.text.initLED)
    __arm_cp.17_3                            0x00001124   Number         4  main.o(.text.initLED)
    __arm_cp.17_4                            0x00001128   Number         4  main.o(.text.initLED)
    __arm_cp.17_5                            0x0000112c   Number         4  main.o(.text.initLED)
    __arm_cp.17_6                            0x00001130   Number         4  main.o(.text.initLED)
    __arm_cp.17_7                            0x00001134   Number         4  main.o(.text.initLED)
    __arm_cp.17_8                            0x00001138   Number         4  main.o(.text.initLED)
    __arm_cp.17_9                            0x0000113c   Number         4  main.o(.text.initLED)
    __arm_cp.17_10                           0x00001140   Number         4  main.o(.text.initLED)
    __arm_cp.17_11                           0x00001144   Number         4  main.o(.text.initLED)
    __arm_cp.17_12                           0x00001148   Number         4  main.o(.text.initLED)
    __arm_cp.17_13                           0x0000114c   Number         4  main.o(.text.initLED)
    __arm_cp.17_14                           0x00001150   Number         4  main.o(.text.initLED)
    [Anonymous Symbol]                       0x00001154   Section        0  main.o(.text.initMotors)
    __arm_cp.9_1                             0x00001224   Number         4  main.o(.text.initMotors)
    __arm_cp.9_3                             0x00001228   Number         4  main.o(.text.initMotors)
    __arm_cp.9_4                             0x0000122c   Number         4  main.o(.text.initMotors)
    __arm_cp.9_5                             0x00001230   Number         4  main.o(.text.initMotors)
    __arm_cp.9_6                             0x00001234   Number         4  main.o(.text.initMotors)
    __arm_cp.9_7                             0x00001238   Number         4  main.o(.text.initMotors)
    __arm_cp.9_9                             0x0000123c   Number         4  main.o(.text.initMotors)
    __arm_cp.9_10                            0x00001240   Number         4  main.o(.text.initMotors)
    __arm_cp.9_11                            0x00001244   Number         4  main.o(.text.initMotors)
    __arm_cp.9_12                            0x00001248   Number         4  main.o(.text.initMotors)
    __arm_cp.9_13                            0x0000124c   Number         4  main.o(.text.initMotors)
    __arm_cp.9_14                            0x00001250   Number         4  main.o(.text.initMotors)
    [Anonymous Symbol]                       0x00001254   Section        0  main.o(.text.initUART2)
    __arm_cp.0_0                             0x0000130c   Number         4  main.o(.text.initUART2)
    __arm_cp.0_1                             0x00001310   Number         4  main.o(.text.initUART2)
    __arm_cp.0_2                             0x00001314   Number         4  main.o(.text.initUART2)
    __arm_cp.0_3                             0x00001318   Number         4  main.o(.text.initUART2)
    __arm_cp.0_4                             0x0000131c   Number         4  main.o(.text.initUART2)
    __arm_cp.0_5                             0x00001320   Number         4  main.o(.text.initUART2)
    __arm_cp.0_6                             0x00001324   Number         4  main.o(.text.initUART2)
    __arm_cp.0_7                             0x00001328   Number         4  main.o(.text.initUART2)
    __arm_cp.0_8                             0x0000132c   Number         4  main.o(.text.initUART2)
    __arm_cp.0_9                             0x00001330   Number         4  main.o(.text.initUART2)
    __arm_cp.0_10                            0x00001334   Number         4  main.o(.text.initUART2)
    __arm_cp.0_11                            0x00001338   Number         4  main.o(.text.initUART2)
    [Anonymous Symbol]                       0x0000133c   Section        0  main.o(.text.main)
    __arm_cp.22_0                            0x00001390   Number         4  main.o(.text.main)
    __arm_cp.22_1                            0x00001394   Number         4  main.o(.text.main)
    __arm_cp.22_2                            0x00001398   Number         4  main.o(.text.main)
    __arm_cp.22_3                            0x0000139c   Number         4  main.o(.text.main)
    [Anonymous Symbol]                       0x000013a0   Section        0  main.o(.text.moveBackward)
    [Anonymous Symbol]                       0x00001418   Section        0  main.o(.text.moveForward)
    [Anonymous Symbol]                       0x00001490   Section        0  main.o(.text.moveLeft)
    __arm_cp.7_2                             0x00001508   Number         4  main.o(.text.moveLeft)
    [Anonymous Symbol]                       0x0000150c   Section        0  main.o(.text.moveRight)
    __arm_cp.8_0                             0x00001580   Number         4  main.o(.text.moveRight)
    __arm_cp.8_1                             0x00001584   Number         4  main.o(.text.moveRight)
    [Anonymous Symbol]                       0x00001588   Section        0  main.o(.text.moveStop)
    __arm_cp.4_0                             0x0000159c   Number         4  main.o(.text.moveStop)
    __arm_cp.4_1                             0x000015a0   Number         4  main.o(.text.moveStop)
    __arm_cp.4_2                             0x000015a4   Number         4  main.o(.text.moveStop)
    __arm_cp.4_3                             0x000015a8   Number         4  main.o(.text.moveStop)
    [Anonymous Symbol]                       0x000015ac   Section        0  main.o(.text.music)
    __arm_cp.15_0                            0x000015e0   Number         4  main.o(.text.music)
    [Anonymous Symbol]                       0x000015e4   Section        0  rtx_delay.o(.text.osDelay)
    __arm_cp.0_0                             0x00001608   Number         4  rtx_delay.o(.text.osDelay)
    [Anonymous Symbol]                       0x0000160c   Section        0  rtx_kernel.o(.text.osKernelGetState)
    __arm_cp.4_0                             0x00001634   Number         4  rtx_kernel.o(.text.osKernelGetState)
    __arm_cp.4_1                             0x00001638   Number         4  rtx_kernel.o(.text.osKernelGetState)
    [Anonymous Symbol]                       0x0000163c   Section        0  rtx_kernel.o(.text.osKernelInitialize)
    __arm_cp.1_0                             0x00001660   Number         4  rtx_kernel.o(.text.osKernelInitialize)
    [Anonymous Symbol]                       0x00001664   Section        0  rtx_kernel.o(.text.osKernelStart)
    __arm_cp.6_0                             0x00001684   Number         4  rtx_kernel.o(.text.osKernelStart)
    [Anonymous Symbol]                       0x00001688   Section        0  rtx_msgqueue.o(.text.osMessageQueueGet)
    __arm_cp.3_0                             0x000016f8   Number         4  rtx_msgqueue.o(.text.osMessageQueueGet)
    [Anonymous Symbol]                       0x000016fc   Section        0  rtx_msgqueue.o(.text.osMessageQueueNew)
    __arm_cp.0_0                             0x0000171c   Number         4  rtx_msgqueue.o(.text.osMessageQueueNew)
    [Anonymous Symbol]                       0x00001720   Section        0  rtx_msgqueue.o(.text.osMessageQueuePut)
    __arm_cp.2_0                             0x00001794   Number         4  rtx_msgqueue.o(.text.osMessageQueuePut)
    [Anonymous Symbol]                       0x00001798   Section        0  rtx_mutex.o(.text.osMutexAcquire)
    __arm_cp.3_0                             0x000017bc   Number         4  rtx_mutex.o(.text.osMutexAcquire)
    [Anonymous Symbol]                       0x000017c0   Section        0  rtx_mutex.o(.text.osMutexDelete)
    __arm_cp.6_0                             0x000017e4   Number         4  rtx_mutex.o(.text.osMutexDelete)
    [Anonymous Symbol]                       0x000017e8   Section        0  rtx_mutex.o(.text.osMutexNew)
    __arm_cp.1_0                             0x00001808   Number         4  rtx_mutex.o(.text.osMutexNew)
    [Anonymous Symbol]                       0x0000180c   Section        0  rtx_mutex.o(.text.osMutexRelease)
    __arm_cp.4_0                             0x00001830   Number         4  rtx_mutex.o(.text.osMutexRelease)
    [Anonymous Symbol]                       0x00001834   Section        0  rtx_config.o(.text.osRtxErrorNotify)
    [Anonymous Symbol]                       0x0000186e   Section        0  rtx_config.o(.text.osRtxIdleThread)
    [Anonymous Symbol]                       0x00001876   Section        0  rtx_memory.o(.text.osRtxMemoryAlloc)
    [Anonymous Symbol]                       0x000018f2   Section        0  rtx_memory.o(.text.osRtxMemoryFree)
    [Anonymous Symbol]                       0x00001940   Section        0  rtx_memory.o(.text.osRtxMemoryInit)
    [Anonymous Symbol]                       0x00001972   Section        0  rtx_mempool.o(.text.osRtxMemoryPoolAlloc)
    [Anonymous Symbol]                       0x000019a0   Section        0  rtx_mempool.o(.text.osRtxMemoryPoolFree)
    [Anonymous Symbol]                       0x000019da   Section        0  rtx_mempool.o(.text.osRtxMemoryPoolInit)
    osRtxMessageQueuePostProcess             0x00001a19   Thumb Code   188  rtx_msgqueue.o(.text.osRtxMessageQueuePostProcess)
    [Anonymous Symbol]                       0x00001a18   Section        0  rtx_msgqueue.o(.text.osRtxMessageQueuePostProcess)
    [Anonymous Symbol]                       0x00001ad4   Section        0  rtx_mutex.o(.text.osRtxMutexOwnerRelease)
    [Anonymous Symbol]                       0x00001b18   Section        0  rtx_system.o(.text.osRtxPendSV_Handler)
    [Anonymous Symbol]                       0x00001b94   Section        0  rtx_system.o(.text.osRtxPostProcess)
    __arm_cp.2_1                             0x00001bf8   Number         4  rtx_system.o(.text.osRtxPostProcess)
    osRtxThreadBlock                         0x00001bfd   Thumb Code    52  rtx_thread.o(.text.osRtxThreadBlock)
    [Anonymous Symbol]                       0x00001bfc   Section        0  rtx_thread.o(.text.osRtxThreadBlock)
    osRtxThreadDelayInsert                   0x00001c31   Thumb Code   124  rtx_thread.o(.text.osRtxThreadDelayInsert)
    [Anonymous Symbol]                       0x00001c30   Section        0  rtx_thread.o(.text.osRtxThreadDelayInsert)
    osRtxThreadDelayRemove                   0x00001cad   Thumb Code    64  rtx_thread.o(.text.osRtxThreadDelayRemove)
    [Anonymous Symbol]                       0x00001cac   Section        0  rtx_thread.o(.text.osRtxThreadDelayRemove)
    [Anonymous Symbol]                       0x00001cec   Section        0  rtx_thread.o(.text.osRtxThreadDelayTick)
    [Anonymous Symbol]                       0x00001d20   Section        0  rtx_thread.o(.text.osRtxThreadDispatch)
    osRtxThreadFree                          0x00001d6d   Thumb Code    80  rtx_thread.o(.text.osRtxThreadFree)
    [Anonymous Symbol]                       0x00001d6c   Section        0  rtx_thread.o(.text.osRtxThreadFree)
    [Anonymous Symbol]                       0x00001dbc   Section        0  rtx_thread.o(.text.osRtxThreadListGet)
    [Anonymous Symbol]                       0x00001dd0   Section        0  rtx_thread.o(.text.osRtxThreadListPut)
    [Anonymous Symbol]                       0x00001dfc   Section        0  rtx_thread.o(.text.osRtxThreadListRemove)
    [Anonymous Symbol]                       0x00001e14   Section        0  rtx_thread.o(.text.osRtxThreadListSort)
    osRtxThreadPostProcess                   0x00001e3b   Thumb Code    38  rtx_thread.o(.text.osRtxThreadPostProcess)
    [Anonymous Symbol]                       0x00001e3a   Section        0  rtx_thread.o(.text.osRtxThreadPostProcess)
    [Anonymous Symbol]                       0x00001e60   Section        0  rtx_thread.o(.text.osRtxThreadReadyPut)
    [Anonymous Symbol]                       0x00001e74   Section        0  rtx_thread.o(.text.osRtxThreadRegPtr)
    [Anonymous Symbol]                       0x00001e7c   Section        0  rtx_thread.o(.text.osRtxThreadStartup)
    __arm_cp.15_1                            0x00001eac   Number         4  rtx_thread.o(.text.osRtxThreadStartup)
    __arm_cp.15_3                            0x00001eb0   Number         4  rtx_thread.o(.text.osRtxThreadStartup)
    [Anonymous Symbol]                       0x00001eb4   Section        0  rtx_thread.o(.text.osRtxThreadSwitch)
    __arm_cp.7_0                             0x00001ec4   Number         4  rtx_thread.o(.text.osRtxThreadSwitch)
    [Anonymous Symbol]                       0x00001ec8   Section        0  rtx_thread.o(.text.osRtxThreadWaitEnter)
    __arm_cp.13_0                            0x00001f00   Number         4  rtx_thread.o(.text.osRtxThreadWaitEnter)
    [Anonymous Symbol]                       0x00001f04   Section        0  rtx_thread.o(.text.osRtxThreadWaitExit)
    [Anonymous Symbol]                       0x00001f28   Section        0  rtx_system.o(.text.osRtxTick_Handler)
    [Anonymous Symbol]                       0x00001f98   Section        0  rtx_timer.o(.text.osRtxTimerThread)
    __arm_cp.0_1                             0x00001fc8   Number         4  rtx_timer.o(.text.osRtxTimerThread)
    __arm_cp.0_2                             0x00001fcc   Number         4  rtx_timer.o(.text.osRtxTimerThread)
    osRtxTimerTick                           0x00001fd1   Thumb Code    96  rtx_timer.o(.text.osRtxTimerTick)
    [Anonymous Symbol]                       0x00001fd0   Section        0  rtx_timer.o(.text.osRtxTimerTick)
    __arm_cp.1_0                             0x0000202c   Number         4  rtx_timer.o(.text.osRtxTimerTick)
    [Anonymous Symbol]                       0x00002030   Section        0  rtx_thread.o(.text.osThreadExit)
    __arm_cp.31_0                            0x00002038   Number         4  rtx_thread.o(.text.osThreadExit)
    [Anonymous Symbol]                       0x0000203c   Section        0  rtx_thread.o(.text.osThreadNew)
    __arm_cp.17_0                            0x0000205c   Number         4  rtx_thread.o(.text.osThreadNew)
    os_kernel_is_active                      0x00002061   Thumb Code    40  rtx_lib.o(.text.os_kernel_is_active)
    [Anonymous Symbol]                       0x00002060   Section        0  rtx_lib.o(.text.os_kernel_is_active)
    __arm_cp.3_0                             0x00002088   Number         4  rtx_lib.o(.text.os_kernel_is_active)
    svcRtxDelay                              0x0000208d   Thumb Code    18  rtx_delay.o(.text.svcRtxDelay)
    [Anonymous Symbol]                       0x0000208c   Section        0  rtx_delay.o(.text.svcRtxDelay)
    svcRtxKernelGetState                     0x000020a1   Thumb Code    12  rtx_kernel.o(.text.svcRtxKernelGetState)
    [Anonymous Symbol]                       0x000020a0   Section        0  rtx_kernel.o(.text.svcRtxKernelGetState)
    __arm_cp.5_0                             0x000020a8   Number         4  rtx_kernel.o(.text.svcRtxKernelGetState)
    svcRtxKernelInitialize                   0x000020ad   Thumb Code   328  rtx_kernel.o(.text.svcRtxKernelInitialize)
    [Anonymous Symbol]                       0x000020ac   Section        0  rtx_kernel.o(.text.svcRtxKernelInitialize)
    __arm_cp.20_0                            0x000021e8   Number         4  rtx_kernel.o(.text.svcRtxKernelInitialize)
    __arm_cp.20_1                            0x000021ec   Number         4  rtx_kernel.o(.text.svcRtxKernelInitialize)
    __arm_cp.20_2                            0x000021f0   Number         4  rtx_kernel.o(.text.svcRtxKernelInitialize)
    svcRtxKernelStart                        0x000021f5   Thumb Code   132  rtx_kernel.o(.text.svcRtxKernelStart)
    [Anonymous Symbol]                       0x000021f4   Section        0  rtx_kernel.o(.text.svcRtxKernelStart)
    __arm_cp.21_0                            0x00002268   Number         4  rtx_kernel.o(.text.svcRtxKernelStart)
    __arm_cp.21_1                            0x0000226c   Number         4  rtx_kernel.o(.text.svcRtxKernelStart)
    __arm_cp.21_2                            0x00002270   Number         4  rtx_kernel.o(.text.svcRtxKernelStart)
    __arm_cp.21_3                            0x00002274   Number         4  rtx_kernel.o(.text.svcRtxKernelStart)
    svcRtxMessageQueueGet                    0x00002279   Thumb Code   232  rtx_msgqueue.o(.text.svcRtxMessageQueueGet)
    [Anonymous Symbol]                       0x00002278   Section        0  rtx_msgqueue.o(.text.svcRtxMessageQueueGet)
    __arm_cp.21_0                            0x0000235c   Number         4  rtx_msgqueue.o(.text.svcRtxMessageQueueGet)
    svcRtxMessageQueueNew                    0x00002361   Thumb Code   484  rtx_msgqueue.o(.text.svcRtxMessageQueueNew)
    [Anonymous Symbol]                       0x00002360   Section        0  rtx_msgqueue.o(.text.svcRtxMessageQueueNew)
    __arm_cp.14_0                            0x0000252c   Number         4  rtx_msgqueue.o(.text.svcRtxMessageQueueNew)
    __arm_cp.14_1                            0x00002530   Number         4  rtx_msgqueue.o(.text.svcRtxMessageQueueNew)
    __arm_cp.14_2                            0x00002534   Number         4  rtx_msgqueue.o(.text.svcRtxMessageQueueNew)
    __arm_cp.14_3                            0x00002538   Number         4  rtx_msgqueue.o(.text.svcRtxMessageQueueNew)
    __arm_cp.14_4                            0x0000253c   Number         4  rtx_msgqueue.o(.text.svcRtxMessageQueueNew)
    __arm_cp.14_5                            0x00002540   Number         4  rtx_msgqueue.o(.text.svcRtxMessageQueueNew)
    svcRtxMessageQueuePut                    0x00002545   Thumb Code   184  rtx_msgqueue.o(.text.svcRtxMessageQueuePut)
    [Anonymous Symbol]                       0x00002544   Section        0  rtx_msgqueue.o(.text.svcRtxMessageQueuePut)
    svcRtxMutexAcquire                       0x000025fd   Thumb Code   152  rtx_mutex.o(.text.svcRtxMutexAcquire)
    [Anonymous Symbol]                       0x000025fc   Section        0  rtx_mutex.o(.text.svcRtxMutexAcquire)
    __arm_cp.9_0                             0x00002690   Number         4  rtx_mutex.o(.text.svcRtxMutexAcquire)
    svcRtxMutexDelete                        0x00002695   Thumb Code   184  rtx_mutex.o(.text.svcRtxMutexDelete)
    [Anonymous Symbol]                       0x00002694   Section        0  rtx_mutex.o(.text.svcRtxMutexDelete)
    svcRtxMutexNew                           0x0000274d   Thumb Code   112  rtx_mutex.o(.text.svcRtxMutexNew)
    [Anonymous Symbol]                       0x0000274c   Section        0  rtx_mutex.o(.text.svcRtxMutexNew)
    __arm_cp.7_0                             0x000027b8   Number         4  rtx_mutex.o(.text.svcRtxMutexNew)
    svcRtxMutexRelease                       0x000027bd   Thumb Code   192  rtx_mutex.o(.text.svcRtxMutexRelease)
    [Anonymous Symbol]                       0x000027bc   Section        0  rtx_mutex.o(.text.svcRtxMutexRelease)
    __arm_cp.10_0                            0x00002878   Number         4  rtx_mutex.o(.text.svcRtxMutexRelease)
    svcRtxThreadExit                         0x0000287d   Thumb Code   108  rtx_thread.o(.text.svcRtxThreadExit)
    [Anonymous Symbol]                       0x0000287c   Section        0  rtx_thread.o(.text.svcRtxThreadExit)
    __arm_cp.54_0                            0x000028e4   Number         4  rtx_thread.o(.text.svcRtxThreadExit)
    svcRtxThreadNew                          0x000028e9   Thumb Code   492  rtx_thread.o(.text.svcRtxThreadNew)
    [Anonymous Symbol]                       0x000028e8   Section        0  rtx_thread.o(.text.svcRtxThreadNew)
    __arm_cp.16_0                            0x00002abc   Number         4  rtx_thread.o(.text.svcRtxThreadNew)
    __arm_cp.16_1                            0x00002ac0   Number         4  rtx_thread.o(.text.svcRtxThreadNew)
    __arm_cp.16_2                            0x00002ac4   Number         4  rtx_thread.o(.text.svcRtxThreadNew)
    __arm_cp.16_3                            0x00002ac8   Number         4  rtx_thread.o(.text.svcRtxThreadNew)
    __arm_cp.16_4                            0x00002acc   Number         4  rtx_thread.o(.text.svcRtxThreadNew)
    __arm_cp.16_5                            0x00002ad0   Number         4  rtx_thread.o(.text.svcRtxThreadNew)
    [Anonymous Symbol]                       0x00002ad4   Section        0  main.o(.text.tBrain)
    __arm_cp.21_0                            0x00002b34   Number         4  main.o(.text.tBrain)
    x$fpl$fmul                               0x00002b38   Section      176  fmul.o(x$fpl$fmul)
    fdiv_tab                                 0x00002be8   Data          64  fdiv.o(.constdata)
    .constdata                               0x00002be8   Section       64  fdiv.o(.constdata)
    x$fpl$usenofp                            0x00002be8   Section        0  usenofp.o(x$fpl$usenofp)
    __tagsym$$used.4                         0x00002c28   Number         0  rtx_lib.o(.rodata)
    __tagsym$$used.5                         0x00002c90   Number         0  rtx_lib.o(.rodata)
    os_idle_thread_attr                      0x00002ccc   Data          36  rtx_lib.o(.rodata.os_idle_thread_attr)
    [Anonymous Symbol]                       0x00002ccc   Section        0  rtx_lib.o(.rodata.os_idle_thread_attr)
    os_timer_mq_attr                         0x00002cf0   Data          24  rtx_lib.o(.rodata.os_timer_mq_attr)
    [Anonymous Symbol]                       0x00002cf0   Section        0  rtx_lib.o(.rodata.os_timer_mq_attr)
    os_timer_thread_attr                     0x00002d08   Data          36  rtx_lib.o(.rodata.os_timer_thread_attr)
    [Anonymous Symbol]                       0x00002d08   Section        0  rtx_lib.o(.rodata.os_timer_thread_attr)
    .L.str                                   0x00002d2c   Data          11  rtx_kernel.o(.rodata.str1.4)
    [Anonymous Symbol]                       0x00002d2c   Section        0  rtx_kernel.o(.rodata.str1.4)
    songMain                                 0x1ffff0a8   Data         256  main.o(.data.songMain)
    [Anonymous Symbol]                       0x1ffff0a8   Section        0  main.o(.data.songMain)
    .bss                                     0x1ffff1a8   Section       96  libspace.o(.bss)
    PendST                                   0x1ffff208   Data           1  os_systick.o(.bss.PendST)
    [Anonymous Symbol]                       0x1ffff208   Section        0  os_systick.o(.bss.PendST)
    currNote                                 0x1ffff20c   Data           4  main.o(.bss.currNote)
    [Anonymous Symbol]                       0x1ffff20c   Section        0  main.o(.bss.currNote)
    data                                     0x1ffff210   Data           1  main.o(.bss.data)
    [Anonymous Symbol]                       0x1ffff210   Section        0  main.o(.bss.data)
    os_isr_queue                             0x1ffff218   Data          64  rtx_lib.o(.bss.os)
    [Anonymous Symbol]                       0x1ffff218   Section        0  rtx_lib.o(.bss.os)
    os_mem                                   0x1ffff258   Data       32768  rtx_lib.o(.bss.os)
    os_timer_mq_cb                           0x20007258   Data          52  rtx_lib.o(.bss.os.msgqueue.cb)
    [Anonymous Symbol]                       0x20007258   Section        0  rtx_lib.o(.bss.os.msgqueue.cb)
    os_timer_mq_data                         0x2000728c   Data          80  rtx_lib.o(.bss.os.msgqueue.mem)
    [Anonymous Symbol]                       0x2000728c   Section        0  rtx_lib.o(.bss.os.msgqueue.mem)
    os_idle_thread_cb                        0x200072dc   Data          68  rtx_lib.o(.bss.os.thread.cb)
    [Anonymous Symbol]                       0x200072dc   Section        0  rtx_lib.o(.bss.os.thread.cb)
    os_timer_thread_cb                       0x20007320   Data          68  rtx_lib.o(.bss.os.thread.cb)
    os_idle_thread_stack                     0x20007368   Data         512  rtx_lib.o(.bss.os.thread.stack)
    [Anonymous Symbol]                       0x20007368   Section        0  rtx_lib.o(.bss.os.thread.stack)
    os_timer_thread_stack                    0x20007568   Data         512  rtx_lib.o(.bss.os.thread.stack)
    os_kernel_is_active.os_kernel_active     0x20007768   Data           1  rtx_lib.o(.bss.os_kernel_is_active.os_kernel_active)
    [Anonymous Symbol]                       0x20007768   Section        0  rtx_lib.o(.bss.os_kernel_is_active.os_kernel_active)
    Heap_Mem                                 0x20007770   Data           0  startup_mkl25z4.o(HEAP)
    Stack_Mem                                0x20007770   Data         256  startup_mkl25z4.o(STACK)
    HEAP                                     0x20007770   Section        0  startup_mkl25z4.o(HEAP)
    STACK                                    0x20007770   Section      256  startup_mkl25z4.o(STACK)
    __initial_sp                             0x20007870   Data           0  startup_mkl25z4.o(STACK)

    Global Symbols

    Symbol Name                              Value     Ov Type        Size  Object(Section)

    BuildAttributes$$THM_ISAv3M$S$PE$A:L22$X:L11$S22$IEEE1$IW$~IW$USESV6$~STKCKD$USESV7$~SHL$OSPACE$ROPI$EBA8$UX$STANDARDLIB$REQ8$PRES8$EABIv2 0x00000000   Number         0  anon$$obj.o ABSOLUTE
    __Vectors                                0x00000000   Data           4  startup_mkl25z4.o(RESET)
    .bss.os.evflags.cb$$Base                  - Undefined Weak Reference
    .bss.os.evflags.cb$$Limit                 - Undefined Weak Reference
    .bss.os.mempool.cb$$Base                  - Undefined Weak Reference
    .bss.os.mempool.cb$$Limit                 - Undefined Weak Reference
    .bss.os.mutex.cb$$Base                    - Undefined Weak Reference
    .bss.os.mutex.cb$$Limit                   - Undefined Weak Reference
    .bss.os.semaphore.cb$$Base                - Undefined Weak Reference
    .bss.os.semaphore.cb$$Limit               - Undefined Weak Reference
    .bss.os.timer.cb$$Base                    - Undefined Weak Reference
    .bss.os.timer.cb$$Limit                   - Undefined Weak Reference
    __ARM_exceptions_init                     - Undefined Weak Reference
    __alloca_initialize                       - Undefined Weak Reference
    __arm_preinit_                            - Undefined Weak Reference
    __arm_relocate_pie_                       - Undefined Weak Reference
    __cpp_initialize__aeabi_                  - Undefined Weak Reference
    __cxa_finalize                            - Undefined Weak Reference
    __rt_locale                               - Undefined Weak Reference
    __sigvec_lookup                           - Undefined Weak Reference
    _atexit_init                              - Undefined Weak Reference
    _call_atexit_fns                          - Undefined Weak Reference
    _clock_init                               - Undefined Weak Reference
    _fp_trap_init                             - Undefined Weak Reference
    _fp_trap_shutdown                         - Undefined Weak Reference
    _get_lc_collate                           - Undefined Weak Reference
    _get_lc_ctype                             - Undefined Weak Reference
    _get_lc_monetary                          - Undefined Weak Reference
    _get_lc_numeric                           - Undefined Weak Reference
    _get_lc_time                              - Undefined Weak Reference
    _getenv_init                              - Undefined Weak Reference
    _handle_redirection                       - Undefined Weak Reference
    _init_alloc                               - Undefined Weak Reference
    _init_user_alloc                          - Undefined Weak Reference
    _initio                                   - Undefined Weak Reference
    _rand_init                                - Undefined Weak Reference
    _signal_finish                            - Undefined Weak Reference
    _signal_init                              - Undefined Weak Reference
    _terminate_alloc                          - Undefined Weak Reference
    _terminate_user_alloc                     - Undefined Weak Reference
    _terminateio                              - Undefined Weak Reference
    __Vectors_End                            0x000000c0   Data           0  startup_mkl25z4.o(RESET)
    __Vectors_Size                           0x000000c0   Number         0  startup_mkl25z4.o ABSOLUTE
    __main                                   0x000000c1   Thumb Code     8  __main.o(!!!main)
    __scatterload                            0x000000c9   Thumb Code     0  __scatter.o(!!!scatter)
    __scatterload_rt2                        0x000000c9   Thumb Code    74  __scatter.o(!!!scatter)
    __scatterload_rt2_thumb_only             0x000000c9   Thumb Code     0  __scatter.o(!!!scatter)
    __scatterload_loop                       0x000000d3   Thumb Code     0  __scatter.o(!!!scatter)
    __scatterload_null                       0x0000011d   Thumb Code     2  __scatter.o(!!handler_null)
    __scatterload_zeroinit                   0x00000121   Thumb Code    28  __scatter_zi.o(!!handler_zi)
    __rt_lib_init                            0x0000013d   Thumb Code     0  libinit.o(.ARM.Collect$$libinit$$00000000)
    __rt_lib_init_alloca_1                   0x0000013f   Thumb Code     0  libinit2.o(.ARM.Collect$$libinit$$00000030)
    __rt_lib_init_argv_1                     0x0000013f   Thumb Code     0  libinit2.o(.ARM.Collect$$libinit$$0000002E)
    __rt_lib_init_atexit_1                   0x0000013f   Thumb Code     0  libinit2.o(.ARM.Collect$$libinit$$0000001D)
    __rt_lib_init_clock_1                    0x0000013f   Thumb Code     0  libinit2.o(.ARM.Collect$$libinit$$00000023)
    __rt_lib_init_cpp_1                      0x0000013f   Thumb Code     0  libinit2.o(.ARM.Collect$$libinit$$00000034)
    __rt_lib_init_exceptions_1               0x0000013f   Thumb Code     0  libinit2.o(.ARM.Collect$$libinit$$00000032)
    __rt_lib_init_fp_1                       0x0000013f   Thumb Code     0  libinit2.o(.ARM.Collect$$libinit$$00000002)
    __rt_lib_init_fp_trap_1                  0x0000013f   Thumb Code     0  libinit2.o(.ARM.Collect$$libinit$$00000021)
    __rt_lib_init_getenv_1                   0x0000013f   Thumb Code     0  libinit2.o(.ARM.Collect$$libinit$$00000025)
    __rt_lib_init_heap_1                     0x0000013f   Thumb Code     0  libinit2.o(.ARM.Collect$$libinit$$0000000C)
    __rt_lib_init_lc_collate_1               0x0000013f   Thumb Code     0  libinit2.o(.ARM.Collect$$libinit$$00000013)
    __rt_lib_init_lc_ctype_1                 0x0000013f   Thumb Code     0  libinit2.o(.ARM.Collect$$libinit$$00000015)
    __rt_lib_init_lc_monetary_1              0x0000013f   Thumb Code     0  libinit2.o(.ARM.Collect$$libinit$$00000017)
    __rt_lib_init_lc_numeric_1               0x0000013f   Thumb Code     0  libinit2.o(.ARM.Collect$$libinit$$00000019)
    __rt_lib_init_lc_time_1                  0x0000013f   Thumb Code     0  libinit2.o(.ARM.Collect$$libinit$$0000001B)
    __rt_lib_init_preinit_1                  0x0000013f   Thumb Code     0  libinit2.o(.ARM.Collect$$libinit$$00000006)
    __rt_lib_init_rand_1                     0x0000013f   Thumb Code     0  libinit2.o(.ARM.Collect$$libinit$$00000010)
    __rt_lib_init_relocate_pie_1             0x0000013f   Thumb Code     0  libinit2.o(.ARM.Collect$$libinit$$00000004)
    __rt_lib_init_return                     0x0000013f   Thumb Code     0  libinit2.o(.ARM.Collect$$libinit$$00000035)
    __rt_lib_init_signal_1                   0x0000013f   Thumb Code     0  libinit2.o(.ARM.Collect$$libinit$$0000001F)
    __rt_lib_init_stdio_1                    0x0000013f   Thumb Code     0  libinit2.o(.ARM.Collect$$libinit$$00000027)
    __rt_lib_init_user_alloc_1               0x0000013f   Thumb Code     0  libinit2.o(.ARM.Collect$$libinit$$0000000E)
    __rt_lib_shutdown                        0x00000141   Thumb Code     0  libshutdown.o(.ARM.Collect$$libshutdown$$00000000)
    __rt_lib_shutdown_cpp_1                  0x00000143   Thumb Code     0  libshutdown2.o(.ARM.Collect$$libshutdown$$00000002)
    __rt_lib_shutdown_fp_trap_1              0x00000143   Thumb Code     0  libshutdown2.o(.ARM.Collect$$libshutdown$$00000007)
    __rt_lib_shutdown_heap_1                 0x00000143   Thumb Code     0  libshutdown2.o(.ARM.Collect$$libshutdown$$0000000F)
    __rt_lib_shutdown_return                 0x00000143   Thumb Code     0  libshutdown2.o(.ARM.Collect$$libshutdown$$00000010)
    __rt_lib_shutdown_signal_1               0x00000143   Thumb Code     0  libshutdown2.o(.ARM.Collect$$libshutdown$$0000000A)
    __rt_lib_shutdown_stdio_1                0x00000143   Thumb Code     0  libshutdown2.o(.ARM.Collect$$libshutdown$$00000004)
    __rt_lib_shutdown_user_alloc_1           0x00000143   Thumb Code     0  libshutdown2.o(.ARM.Collect$$libshutdown$$0000000C)
    __rt_entry                               0x00000145   Thumb Code     0  __rtentry.o(.ARM.Collect$$rtentry$$00000000)
    __rt_entry_presh_1                       0x00000145   Thumb Code     0  __rtentry2.o(.ARM.Collect$$rtentry$$00000002)
    __rt_entry_sh                            0x00000145   Thumb Code     0  __rtentry4.o(.ARM.Collect$$rtentry$$00000004)
    __rt_entry_postsh_1                      0x0000014b   Thumb Code     0  __rtentry2.o(.ARM.Collect$$rtentry$$00000008)
    __rt_entry_li                            0x00000153   Thumb Code     0  __rtentry2.o(.ARM.Collect$$rtentry$$0000000A)
    __rt_entry_main                          0x00000157   Thumb Code     0  __rtentry2.o(.ARM.Collect$$rtentry$$0000000D)
    __rt_entry_postli_1                      0x00000157   Thumb Code     0  __rtentry2.o(.ARM.Collect$$rtentry$$0000000C)
    __rt_exit                                0x0000015f   Thumb Code     0  rtexit.o(.ARM.Collect$$rtexit$$00000000)
    __rt_exit_ls                             0x00000161   Thumb Code     0  rtexit2.o(.ARM.Collect$$rtexit$$00000003)
    __rt_exit_prels_1                        0x00000161   Thumb Code     0  rtexit2.o(.ARM.Collect$$rtexit$$00000002)
    __rt_exit_exit                           0x00000165   Thumb Code     0  rtexit2.o(.ARM.Collect$$rtexit$$00000004)
    __aeabi_memcpy4                          0x0000016d   Thumb Code    56  rt_memcpy.o(.emb_text)
    __aeabi_memcpy8                          0x0000016d   Thumb Code     0  rt_memcpy.o(.emb_text)
    Reset_Handler                            0x000001a5   Thumb Code    12  startup_mkl25z4.o(.text)
    NMI_Handler                              0x000001b1   Thumb Code     2  startup_mkl25z4.o(.text)
    HardFault_Handler                        0x000001b3   Thumb Code     2  startup_mkl25z4.o(.text)
    ADC0_IRQHandler                          0x000001bb   Thumb Code     0  startup_mkl25z4.o(.text)
    CMP0_IRQHandler                          0x000001bb   Thumb Code     0  startup_mkl25z4.o(.text)
    DAC0_IRQHandler                          0x000001bb   Thumb Code     0  startup_mkl25z4.o(.text)
    DMA0_IRQHandler                          0x000001bb   Thumb Code     0  startup_mkl25z4.o(.text)
    DMA1_IRQHandler                          0x000001bb   Thumb Code     0  startup_mkl25z4.o(.text)
    DMA2_IRQHandler                          0x000001bb   Thumb Code     0  startup_mkl25z4.o(.text)
    DMA3_IRQHandler                          0x000001bb   Thumb Code     0  startup_mkl25z4.o(.text)
    DefaultISR                               0x000001bb   Thumb Code     0  startup_mkl25z4.o(.text)
    FTFA_IRQHandler                          0x000001bb   Thumb Code     0  startup_mkl25z4.o(.text)
    I2C0_IRQHandler                          0x000001bb   Thumb Code     0  startup_mkl25z4.o(.text)
    I2C1_IRQHandler                          0x000001bb   Thumb Code     0  startup_mkl25z4.o(.text)
    LLWU_IRQHandler                          0x000001bb   Thumb Code     0  startup_mkl25z4.o(.text)
    LPTMR0_IRQHandler                        0x000001bb   Thumb Code     0  startup_mkl25z4.o(.text)
    LVD_LVW_IRQHandler                       0x000001bb   Thumb Code     0  startup_mkl25z4.o(.text)
    MCG_IRQHandler                           0x000001bb   Thumb Code     0  startup_mkl25z4.o(.text)
    PIT_IRQHandler                           0x000001bb   Thumb Code     0  startup_mkl25z4.o(.text)
    PORTA_IRQHandler                         0x000001bb   Thumb Code     0  startup_mkl25z4.o(.text)
    PORTD_IRQHandler                         0x000001bb   Thumb Code     0  startup_mkl25z4.o(.text)
    RTC_IRQHandler                           0x000001bb   Thumb Code     0  startup_mkl25z4.o(.text)
    RTC_Seconds_IRQHandler                   0x000001bb   Thumb Code     0  startup_mkl25z4.o(.text)
    Reserved20_IRQHandler                    0x000001bb   Thumb Code     0  startup_mkl25z4.o(.text)
    Reserved39_IRQHandler                    0x000001bb   Thumb Code     0  startup_mkl25z4.o(.text)
    Reserved45_IRQHandler                    0x000001bb   Thumb Code     0  startup_mkl25z4.o(.text)
    SPI0_IRQHandler                          0x000001bb   Thumb Code     0  startup_mkl25z4.o(.text)
    SPI1_IRQHandler                          0x000001bb   Thumb Code     0  startup_mkl25z4.o(.text)
    TPM0_IRQHandler                          0x000001bb   Thumb Code     0  startup_mkl25z4.o(.text)
    TPM1_IRQHandler                          0x000001bb   Thumb Code     0  startup_mkl25z4.o(.text)
    TPM2_IRQHandler                          0x000001bb   Thumb Code     0  startup_mkl25z4.o(.text)
    TSI0_IRQHandler                          0x000001bb   Thumb Code     0  startup_mkl25z4.o(.text)
    UART0_IRQHandler                         0x000001bb   Thumb Code     0  startup_mkl25z4.o(.text)
    UART1_IRQHandler                         0x000001bb   Thumb Code     0  startup_mkl25z4.o(.text)
    USB0_IRQHandler                          0x000001bb   Thumb Code     0  startup_mkl25z4.o(.text)
    __user_initial_stackheap                 0x000001c1   Thumb Code     0  startup_mkl25z4.o(.text)
    SVC_Handler                              0x000001e5   Thumb Code   132  irq_cm0.o(.text)
    PendSV_Handler                           0x00000269   Thumb Code    12  irq_cm0.o(.text)
    SysTick_Handler                          0x00000275   Thumb Code    12  irq_cm0.o(.text)
    __aeabi_memcpy                           0x00000289   Thumb Code   130  rt_memcpy.o(.text)
    __rt_memcpy                              0x00000289   Thumb Code     0  rt_memcpy.o(.text)
    _memset_w                                0x0000030b   Thumb Code    26  rt_memclr.o(.text)
    _memset                                  0x00000325   Thumb Code    30  rt_memclr.o(.text)
    __aeabi_memclr                           0x00000343   Thumb Code     4  rt_memclr.o(.text)
    __rt_memclr                              0x00000343   Thumb Code     0  rt_memclr.o(.text)
    __aeabi_memclr4                          0x00000347   Thumb Code     0  rt_memclr.o(.text)
    __aeabi_memclr8                          0x00000347   Thumb Code     0  rt_memclr.o(.text)
    __rt_memclr_w                            0x00000347   Thumb Code     4  rt_memclr.o(.text)
    __use_two_region_memory                  0x0000034b   Thumb Code     2  heapauxi.o(.text)
    __rt_heap_escrow$2region                 0x0000034d   Thumb Code     2  heapauxi.o(.text)
    __rt_heap_expand$2region                 0x0000034f   Thumb Code     2  heapauxi.o(.text)
    __aeabi_f2iz                             0x00000351   Thumb Code     0  ffixi.o(.text)
    _ffix                                    0x00000351   Thumb Code    76  ffixi.o(.text)
    __aeabi_i2f_normalise                    0x0000039d   Thumb Code    72  fflti.o(.text)
    __aeabi_i2f                              0x000003e5   Thumb Code    16  fflti.o(.text)
    _fflt                                    0x000003e5   Thumb Code     0  fflti.o(.text)
    __aeabi_ui2f                             0x000003f5   Thumb Code     6  fflti.o(.text)
    _ffltu                                   0x000003f5   Thumb Code     0  fflti.o(.text)
    __I$use$semihosting                      0x000003fb   Thumb Code     0  use_no_semi.o(.text)
    __use_no_semihosting_swi                 0x000003fb   Thumb Code     2  use_no_semi.o(.text)
    __semihosting_library_function           0x000003fd   Thumb Code     0  indicate_semi.o(.text)
    osRtxKernelPreInit                       0x000003fd   Thumb Code     2  rtx_kernel.o(.text.osRtxKernelPreInit)
    osRtxThreadStackCheck                    0x000003ff   Thumb Code     2  rtx_lib.o(.text.osRtxThreadStackCheck)
    __aeabi_uidiv                            0x00000411   Thumb Code     0  aeabi_sdiv.o(.text)
    __aeabi_uidivmod                         0x00000411   Thumb Code    20  aeabi_sdiv.o(.text)
    __aeabi_idiv                             0x00000425   Thumb Code     0  aeabi_sdiv.o(.text)
    __aeabi_idivmod                          0x00000425   Thumb Code   338  aeabi_sdiv.o(.text)
    __aeabi_fdiv                             0x0000057d   Thumb Code     0  fdiv.o(.text)
    _fdiv                                    0x0000057d   Thumb Code   334  fdiv.o(.text)
    _frdiv                                   0x000006cb   Thumb Code     8  fdiv.o(.text)
    __user_setup_stackheap                   0x000006dd   Thumb Code    62  sys_stackheap_outer.o(.text)
    exit                                     0x0000071b   Thumb Code    16  exit.o(.text)
    __user_libspace                          0x0000072d   Thumb Code     8  libspace.o(.text)
    __user_perproc_libspace                  0x0000072d   Thumb Code     0  libspace.o(.text)
    _sys_exit                                0x00000735   Thumb Code     8  sys_exit.o(.text)
    __decompress                             0x00000741   Thumb Code     0  __dczerorl2.o(.text)
    __decompress1                            0x00000741   Thumb Code    86  __dczerorl2.o(.text)
    OS_Tick_AcknowledgeIRQ                   0x00000865   Thumb Code     8  os_systick.o(.text.OS_Tick_AcknowledgeIRQ)
    OS_Tick_Enable                           0x0000086d   Thumb Code    36  os_systick.o(.text.OS_Tick_Enable)
    OS_Tick_GetIRQn                          0x00000891   Thumb Code     6  os_systick.o(.text.OS_Tick_GetIRQn)
    OS_Tick_Setup                            0x00000899   Thumb Code    72  os_systick.o(.text.OS_Tick_Setup)
    PWM_Init                                 0x000008e1   Thumb Code    88  main.o(.text.PWM_Init)
    RedBlink                                 0x00000955   Thumb Code    40  main.o(.text.RedBlink)
    SystemCoreClockUpdate                    0x00000985   Thumb Code   508  system_mkl25z4.o(.text.SystemCoreClockUpdate)
    SystemInit                               0x00000b95   Thumb Code   256  system_mkl25z4.o(.text.SystemInit)
    UART2_IRQHandler                         0x00000d81   Thumb Code    32  main.o(.text.UART2_IRQHandler)
    _mutex_acquire                           0x00000e89   Thumb Code    34  rtx_lib.o(.text._mutex_acquire)
    _mutex_free                              0x00000eab   Thumb Code    18  rtx_lib.o(.text._mutex_free)
    _mutex_initialize                        0x00000ebd   Thumb Code    52  rtx_lib.o(.text._mutex_initialize)
    _mutex_release                           0x00000ef1   Thumb Code    30  rtx_lib.o(.text._mutex_release)
    _platform_post_stackheap_init            0x00000f0f   Thumb Code     8  rtx_lib.o(.text._platform_post_stackheap_init)
    audioSong                                0x00000f19   Thumb Code    64  main.o(.text.audioSong)
    flashGreen                               0x00000f69   Thumb Code   184  main.o(.text.flashGreen)
    initLED                                  0x00001041   Thumb Code   224  main.o(.text.initLED)
    initMotors                               0x00001155   Thumb Code   208  main.o(.text.initMotors)
    initUART2                                0x00001255   Thumb Code   184  main.o(.text.initUART2)
    main                                     0x0000133d   Thumb Code    84  main.o(.text.main)
    moveBackward                             0x000013a1   Thumb Code   120  main.o(.text.moveBackward)
    moveForward                              0x00001419   Thumb Code   120  main.o(.text.moveForward)
    moveLeft                                 0x00001491   Thumb Code   120  main.o(.text.moveLeft)
    moveRight                                0x0000150d   Thumb Code   116  main.o(.text.moveRight)
    moveStop                                 0x00001589   Thumb Code    20  main.o(.text.moveStop)
    music                                    0x000015ad   Thumb Code    52  main.o(.text.music)
    osDelay                                  0x000015e5   Thumb Code    40  rtx_delay.o(.text.osDelay)
    osKernelGetState                         0x0000160d   Thumb Code    48  rtx_kernel.o(.text.osKernelGetState)
    osKernelInitialize                       0x0000163d   Thumb Code    40  rtx_kernel.o(.text.osKernelInitialize)
    osKernelStart                            0x00001665   Thumb Code    36  rtx_kernel.o(.text.osKernelStart)
    osMessageQueueGet                        0x00001689   Thumb Code   116  rtx_msgqueue.o(.text.osMessageQueueGet)
    osMessageQueueNew                        0x000016fd   Thumb Code    36  rtx_msgqueue.o(.text.osMessageQueueNew)
    osMessageQueuePut                        0x00001721   Thumb Code   120  rtx_msgqueue.o(.text.osMessageQueuePut)
    osMutexAcquire                           0x00001799   Thumb Code    40  rtx_mutex.o(.text.osMutexAcquire)
    osMutexDelete                            0x000017c1   Thumb Code    40  rtx_mutex.o(.text.osMutexDelete)
    osMutexNew                               0x000017e9   Thumb Code    36  rtx_mutex.o(.text.osMutexNew)
    osMutexRelease                           0x0000180d   Thumb Code    40  rtx_mutex.o(.text.osMutexRelease)
    osRtxErrorNotify                         0x00001835   Thumb Code    58  rtx_config.o(.text.osRtxErrorNotify)
    osRtxIdleThread                          0x0000186f   Thumb Code     8  rtx_config.o(.text.osRtxIdleThread)
    osRtxMemoryAlloc                         0x00001877   Thumb Code   124  rtx_memory.o(.text.osRtxMemoryAlloc)
    osRtxMemoryFree                          0x000018f3   Thumb Code    78  rtx_memory.o(.text.osRtxMemoryFree)
    osRtxMemoryInit                          0x00001941   Thumb Code    50  rtx_memory.o(.text.osRtxMemoryInit)
    osRtxMemoryPoolAlloc                     0x00001973   Thumb Code    46  rtx_mempool.o(.text.osRtxMemoryPoolAlloc)
    osRtxMemoryPoolFree                      0x000019a1   Thumb Code    58  rtx_mempool.o(.text.osRtxMemoryPoolFree)
    osRtxMemoryPoolInit                      0x000019db   Thumb Code    62  rtx_mempool.o(.text.osRtxMemoryPoolInit)
    osRtxMutexOwnerRelease                   0x00001ad5   Thumb Code    68  rtx_mutex.o(.text.osRtxMutexOwnerRelease)
    osRtxPendSV_Handler                      0x00001b19   Thumb Code   124  rtx_system.o(.text.osRtxPendSV_Handler)
    osRtxPostProcess                         0x00001b95   Thumb Code   104  rtx_system.o(.text.osRtxPostProcess)
    osRtxThreadDelayTick                     0x00001ced   Thumb Code    52  rtx_thread.o(.text.osRtxThreadDelayTick)
    osRtxThreadDispatch                      0x00001d21   Thumb Code    76  rtx_thread.o(.text.osRtxThreadDispatch)
    osRtxThreadListGet                       0x00001dbd   Thumb Code    20  rtx_thread.o(.text.osRtxThreadListGet)
    osRtxThreadListPut                       0x00001dd1   Thumb Code    44  rtx_thread.o(.text.osRtxThreadListPut)
    osRtxThreadListRemove                    0x00001dfd   Thumb Code    24  rtx_thread.o(.text.osRtxThreadListRemove)
    osRtxThreadListSort                      0x00001e15   Thumb Code    38  rtx_thread.o(.text.osRtxThreadListSort)
    osRtxThreadReadyPut                      0x00001e61   Thumb Code    20  rtx_thread.o(.text.osRtxThreadReadyPut)
    osRtxThreadRegPtr                        0x00001e75   Thumb Code     6  rtx_thread.o(.text.osRtxThreadRegPtr)
    osRtxThreadStartup                       0x00001e7d   Thumb Code    56  rtx_thread.o(.text.osRtxThreadStartup)
    osRtxThreadSwitch                        0x00001eb5   Thumb Code    20  rtx_thread.o(.text.osRtxThreadSwitch)
    osRtxThreadWaitEnter                     0x00001ec9   Thumb Code    60  rtx_thread.o(.text.osRtxThreadWaitEnter)
    osRtxThreadWaitExit                      0x00001f05   Thumb Code    34  rtx_thread.o(.text.osRtxThreadWaitExit)
    osRtxTick_Handler                        0x00001f29   Thumb Code   112  rtx_system.o(.text.osRtxTick_Handler)
    osRtxTimerThread                         0x00001f99   Thumb Code    56  rtx_timer.o(.text.osRtxTimerThread)
    osThreadExit                             0x00002031   Thumb Code    12  rtx_thread.o(.text.osThreadExit)
    osThreadNew                              0x0000203d   Thumb Code    36  rtx_thread.o(.text.osThreadNew)
    tBrain                                   0x00002ad5   Thumb Code    96  main.o(.text.tBrain)
    __aeabi_fmul                             0x00002b39   Thumb Code     0  fmul.o(x$fpl$fmul)
    _fmul                                    0x00002b39   Thumb Code   172  fmul.o(x$fpl$fmul)
    __I$use$fp                               0x00002be8   Number         0  usenofp.o(x$fpl$usenofp)
    osRtxConfig                              0x00002c28   Data         104  rtx_lib.o(.rodata)
    os_cb_sections                           0x00002c90   Data          56  rtx_lib.o(.rodata)
    osRtxUserSVC                             0x00002cc8   Data           4  rtx_lib.o(.rodata.osRtxUserSVC)
    Region$$Table$$Base                      0x00002d38   Number         0  anon$$obj.o(Region$$Table)
    Region$$Table$$Limit                     0x00002d58   Number         0  anon$$obj.o(Region$$Table)
    SystemCoreClock                          0x1ffff000   Data           4  system_mkl25z4.o(.data.SystemCoreClock)
    osRtxInfo                                0x1ffff004   Data         164  rtx_kernel.o(.data.os)
    __libspace_start                         0x1ffff1a8   Data          96  libspace.o(.bss)
    __temporary_stack_top$libspace           0x1ffff208   Data           0  libspace.o(.bss)
    .bss.os.msgqueue.cb$$Base                0x20007258   Number         0  rtx_lib.o(.bss.os.msgqueue.cb)
    .bss.os.msgqueue.cb$$Limit               0x2000728c   Number         0  rtx_lib.o(.bss.os.msgqueue.cb)
    .bss.os.thread.cb$$Base                  0x200072dc   Number         0  rtx_lib.o(.bss.os.thread.cb)
    .bss.os.thread.cb$$Limit                 0x20007364   Number         0  rtx_lib.o(.bss.os.thread.cb)



==============================================================================

Memory Map of the image

  Image Entry point : 0x000001a5

  Load Region LR_1 (Base: 0x00000000, Size: 0x00002f00, Max: 0xffffffff, ABSOLUTE, COMPRESSED[0x00002da4])

    Execution Region ER_RO (Exec base: 0x00000000, Load base: 0x00000000, Size: 0x00002d58, Max: 0xffffffff, ABSOLUTE)

    Exec Addr    Load Addr    Size         Type   Attr      Idx    E Section Name        Object

    0x00000000   0x00000000   0x000000c0   Data   RO          110    RESET               startup_mkl25z4.o
    0x000000c0   0x000000c0   0x00000008   Code   RO          610  * !!!main             c_p.l(__main.o)
    0x000000c8   0x000000c8   0x00000054   Code   RO          797    !!!scatter          c_p.l(__scatter.o)
    0x0000011c   0x0000011c   0x00000002   Code   RO          798    !!handler_null      c_p.l(__scatter.o)
    0x0000011e   0x0000011e   0x00000002   PAD
    0x00000120   0x00000120   0x0000001c   Code   RO          801    !!handler_zi        c_p.l(__scatter_zi.o)
    0x0000013c   0x0000013c   0x00000002   Code   RO          656    .ARM.Collect$$libinit$$00000000  c_p.l(libinit.o)
    0x0000013e   0x0000013e   0x00000000   Code   RO          670    .ARM.Collect$$libinit$$00000002  c_p.l(libinit2.o)
    0x0000013e   0x0000013e   0x00000000   Code   RO          672    .ARM.Collect$$libinit$$00000004  c_p.l(libinit2.o)
    0x0000013e   0x0000013e   0x00000000   Code   RO          674    .ARM.Collect$$libinit$$00000006  c_p.l(libinit2.o)
    0x0000013e   0x0000013e   0x00000000   Code   RO          677    .ARM.Collect$$libinit$$0000000C  c_p.l(libinit2.o)
    0x0000013e   0x0000013e   0x00000000   Code   RO          679    .ARM.Collect$$libinit$$0000000E  c_p.l(libinit2.o)
    0x0000013e   0x0000013e   0x00000000   Code   RO          681    .ARM.Collect$$libinit$$00000010  c_p.l(libinit2.o)
    0x0000013e   0x0000013e   0x00000000   Code   RO          684    .ARM.Collect$$libinit$$00000013  c_p.l(libinit2.o)
    0x0000013e   0x0000013e   0x00000000   Code   RO          686    .ARM.Collect$$libinit$$00000015  c_p.l(libinit2.o)
    0x0000013e   0x0000013e   0x00000000   Code   RO          688    .ARM.Collect$$libinit$$00000017  c_p.l(libinit2.o)
    0x0000013e   0x0000013e   0x00000000   Code   RO          690    .ARM.Collect$$libinit$$00000019  c_p.l(libinit2.o)
    0x0000013e   0x0000013e   0x00000000   Code   RO          692    .ARM.Collect$$libinit$$0000001B  c_p.l(libinit2.o)
    0x0000013e   0x0000013e   0x00000000   Code   RO          694    .ARM.Collect$$libinit$$0000001D  c_p.l(libinit2.o)
    0x0000013e   0x0000013e   0x00000000   Code   RO          696    .ARM.Collect$$libinit$$0000001F  c_p.l(libinit2.o)
    0x0000013e   0x0000013e   0x00000000   Code   RO          698    .ARM.Collect$$libinit$$00000021  c_p.l(libinit2.o)
    0x0000013e   0x0000013e   0x00000000   Code   RO          700    .ARM.Collect$$libinit$$00000023  c_p.l(libinit2.o)
    0x0000013e   0x0000013e   0x00000000   Code   RO          702    .ARM.Collect$$libinit$$00000025  c_p.l(libinit2.o)
    0x0000013e   0x0000013e   0x00000000   Code   RO          704    .ARM.Collect$$libinit$$00000027  c_p.l(libinit2.o)
    0x0000013e   0x0000013e   0x00000000   Code   RO          708    .ARM.Collect$$libinit$$0000002E  c_p.l(libinit2.o)
    0x0000013e   0x0000013e   0x00000000   Code   RO          710    .ARM.Collect$$libinit$$00000030  c_p.l(libinit2.o)
    0x0000013e   0x0000013e   0x00000000   Code   RO          712    .ARM.Collect$$libinit$$00000032  c_p.l(libinit2.o)
    0x0000013e   0x0000013e   0x00000000   Code   RO          714    .ARM.Collect$$libinit$$00000034  c_p.l(libinit2.o)
    0x0000013e   0x0000013e   0x00000002   Code   RO          715    .ARM.Collect$$libinit$$00000035  c_p.l(libinit2.o)
    0x00000140   0x00000140   0x00000002   Code   RO          750    .ARM.Collect$$libshutdown$$00000000  c_p.l(libshutdown.o)
    0x00000142   0x00000142   0x00000000   Code   RO          778    .ARM.Collect$$libshutdown$$00000002  c_p.l(libshutdown2.o)
    0x00000142   0x00000142   0x00000000   Code   RO          780    .ARM.Collect$$libshutdown$$00000004  c_p.l(libshutdown2.o)
    0x00000142   0x00000142   0x00000000   Code   RO          783    .ARM.Collect$$libshutdown$$00000007  c_p.l(libshutdown2.o)
    0x00000142   0x00000142   0x00000000   Code   RO          786    .ARM.Collect$$libshutdown$$0000000A  c_p.l(libshutdown2.o)
    0x00000142   0x00000142   0x00000000   Code   RO          788    .ARM.Collect$$libshutdown$$0000000C  c_p.l(libshutdown2.o)
    0x00000142   0x00000142   0x00000000   Code   RO          791    .ARM.Collect$$libshutdown$$0000000F  c_p.l(libshutdown2.o)
    0x00000142   0x00000142   0x00000002   Code   RO          792    .ARM.Collect$$libshutdown$$00000010  c_p.l(libshutdown2.o)
    0x00000144   0x00000144   0x00000000   Code   RO          621    .ARM.Collect$$rtentry$$00000000  c_p.l(__rtentry.o)
    0x00000144   0x00000144   0x00000000   Code   RO          628    .ARM.Collect$$rtentry$$00000002  c_p.l(__rtentry2.o)
    0x00000144   0x00000144   0x00000006   Code   RO          640    .ARM.Collect$$rtentry$$00000004  c_p.l(__rtentry4.o)
    0x0000014a   0x0000014a   0x00000008   Code   RO          629    .ARM.Collect$$rtentry$$00000008  c_p.l(__rtentry2.o)
    0x00000152   0x00000152   0x00000004   Code   RO          631    .ARM.Collect$$rtentry$$0000000A  c_p.l(__rtentry2.o)
    0x00000156   0x00000156   0x00000000   Code   RO          633    .ARM.Collect$$rtentry$$0000000C  c_p.l(__rtentry2.o)
    0x00000156   0x00000156   0x00000008   Code   RO          634    .ARM.Collect$$rtentry$$0000000D  c_p.l(__rtentry2.o)
    0x0000015e   0x0000015e   0x00000002   Code   RO          661    .ARM.Collect$$rtexit$$00000000  c_p.l(rtexit.o)
    0x00000160   0x00000160   0x00000000   Code   RO          721    .ARM.Collect$$rtexit$$00000002  c_p.l(rtexit2.o)
    0x00000160   0x00000160   0x00000004   Code   RO          722    .ARM.Collect$$rtexit$$00000003  c_p.l(rtexit2.o)
    0x00000164   0x00000164   0x00000006   Code   RO          723    .ARM.Collect$$rtexit$$00000004  c_p.l(rtexit2.o)
    0x0000016a   0x0000016a   0x00000002   PAD
    0x0000016c   0x0000016c   0x00000038   Code   RO          598    .emb_text           c_p.l(rt_memcpy.o)
    0x000001a4   0x000001a4   0x00000040   Code   RO          112  * .text               startup_mkl25z4.o
    0x000001e4   0x000001e4   0x000000a4   Code   RO          383    .text               RTX_CM0.lib(irq_cm0.o)
    0x00000288   0x00000288   0x00000082   Code   RO          599    .text               c_p.l(rt_memcpy.o)
    0x0000030a   0x0000030a   0x00000040   Code   RO          602    .text               c_p.l(rt_memclr.o)
    0x0000034a   0x0000034a   0x00000006   Code   RO          608    .text               c_p.l(heapauxi.o)
    0x00000350   0x00000350   0x0000004c   Code   RO          615    .text               fz_ps.l(ffixi.o)
    0x0000039c   0x0000039c   0x0000005e   Code   RO          617    .text               fz_ps.l(fflti.o)
    0x000003fa   0x000003fa   0x00000002   Code   RO          739    .text               c_p.l(use_no_semi.o)
    0x000003fc   0x000003fc   0x00000000   Code   RO          741    .text               c_p.l(indicate_semi.o)
    0x000003fc   0x000003fc   0x00000002   Code   RO          133    .text.osRtxKernelPreInit  RTX_CM0.lib(rtx_kernel.o)
    0x000003fe   0x000003fe   0x00000002   Code   RO           61    .text.osRtxThreadStackCheck  rtx_lib.o
    0x00000400   0x00000400   0x00000010   Code   RO          111    .ARM.__at_0x400     startup_mkl25z4.o
    0x00000410   0x00000410   0x0000016c   Code   RO          604    .text               c_p.l(aeabi_sdiv.o)
    0x0000057c   0x0000057c   0x00000160   Code   RO          612    .text               fz_ps.l(fdiv.o)
    0x000006dc   0x000006dc   0x0000003e   Code   RO          644    .text               c_p.l(sys_stackheap_outer.o)
    0x0000071a   0x0000071a   0x00000010   Code   RO          647    .text               c_p.l(exit.o)
    0x0000072a   0x0000072a   0x00000002   PAD
    0x0000072c   0x0000072c   0x00000008   Code   RO          657    .text               c_p.l(libspace.o)
    0x00000734   0x00000734   0x0000000c   Code   RO          716    .text               c_p.l(sys_exit.o)
    0x00000740   0x00000740   0x00000056   Code   RO          795    .text               c_p.l(__dczerorl2.o)
    0x00000796   0x00000796   0x0000004c   Code   RO          580    .text.MessageQueueGet  RTX_CM0.lib(rtx_msgqueue.o)
    0x000007e2   0x000007e2   0x00000062   Code   RO          574    .text.MessageQueuePut  RTX_CM0.lib(rtx_msgqueue.o)
    0x00000844   0x00000844   0x0000001e   Code   RO          572    .text.MessageQueueRemove  RTX_CM0.lib(rtx_msgqueue.o)
    0x00000862   0x00000862   0x00000002   PAD
    0x00000864   0x00000864   0x00000008   Code   RO          518    .text.OS_Tick_AcknowledgeIRQ  RTX_CM0.lib(os_systick.o)
    0x0000086c   0x0000086c   0x00000024   Code   RO          514    .text.OS_Tick_Enable  RTX_CM0.lib(os_systick.o)
    0x00000890   0x00000890   0x00000006   Code   RO          520    .text.OS_Tick_GetIRQn  RTX_CM0.lib(os_systick.o)
    0x00000896   0x00000896   0x00000002   PAD
    0x00000898   0x00000898   0x00000048   Code   RO          512    .text.OS_Tick_Setup  RTX_CM0.lib(os_systick.o)
    0x000008e0   0x000008e0   0x00000074   Code   RO           24    .text.PWM_Init      main.o
    0x00000954   0x00000954   0x00000030   Code   RO           40    .text.RedBlink      main.o
    0x00000984   0x00000984   0x00000210   Code   RO          123    .text.SystemCoreClockUpdate  system_mkl25z4.o
    0x00000b94   0x00000b94   0x00000150   Code   RO          121    .text.SystemInit    system_mkl25z4.o
    0x00000ce4   0x00000ce4   0x0000004e   Code   RO          278    .text.ThreadFlagsCheck  RTX_CM0.lib(rtx_thread.o)
    0x00000d32   0x00000d32   0x00000002   PAD
    0x00000d34   0x00000d34   0x0000004c   Code   RO          404    .text.TimerInsert   RTX_CM0.lib(rtx_timer.o)
    0x00000d80   0x00000d80   0x0000002c   Code   RO           42    .text.UART2_IRQHandler  main.o
    0x00000dac   0x00000dac   0x0000002c   Code   RO            6    .text.__NVIC_ClearPendingIRQ  main.o
    0x00000dd8   0x00000dd8   0x0000002c   Code   RO            8    .text.__NVIC_EnableIRQ  main.o
    0x00000e04   0x00000e04   0x00000084   Code   RO            4    .text.__NVIC_SetPriority  main.o
    0x00000e88   0x00000e88   0x00000022   Code   RO           71    .text._mutex_acquire  rtx_lib.o
    0x00000eaa   0x00000eaa   0x00000012   Code   RO           75    .text._mutex_free   rtx_lib.o
    0x00000ebc   0x00000ebc   0x00000034   Code   RO           69    .text._mutex_initialize  rtx_lib.o
    0x00000ef0   0x00000ef0   0x0000001e   Code   RO           73    .text._mutex_release  rtx_lib.o
    0x00000f0e   0x00000f0e   0x00000008   Code   RO           63    .text._platform_post_stackheap_init  rtx_lib.o
    0x00000f16   0x00000f16   0x00000002   PAD
    0x00000f18   0x00000f18   0x00000050   Code   RO           28    .text.audioSong     main.o
    0x00000f68   0x00000f68   0x000000d8   Code   RO           38    .text.flashGreen    main.o
    0x00001040   0x00001040   0x00000114   Code   RO           36    .text.initLED       main.o
    0x00001154   0x00001154   0x00000100   Code   RO           20    .text.initMotors    main.o
    0x00001254   0x00001254   0x000000e8   Code   RO            2    .text.initUART2     main.o
    0x0000133c   0x0000133c   0x00000064   Code   RO           46    .text.main          main.o
    0x000013a0   0x000013a0   0x00000078   Code   RO           14    .text.moveBackward  main.o
    0x00001418   0x00001418   0x00000078   Code   RO           12    .text.moveForward   main.o
    0x00001490   0x00001490   0x0000007c   Code   RO           16    .text.moveLeft      main.o
    0x0000150c   0x0000150c   0x0000007c   Code   RO           18    .text.moveRight     main.o
    0x00001588   0x00001588   0x00000024   Code   RO           10    .text.moveStop      main.o
    0x000015ac   0x000015ac   0x00000038   Code   RO           32    .text.music         main.o
    0x000015e4   0x000015e4   0x00000028   Code   RO          331    .text.osDelay       RTX_CM0.lib(rtx_delay.o)
    0x0000160c   0x0000160c   0x00000030   Code   RO          141    .text.osKernelGetState  RTX_CM0.lib(rtx_kernel.o)
    0x0000163c   0x0000163c   0x00000028   Code   RO          135    .text.osKernelInitialize  RTX_CM0.lib(rtx_kernel.o)
    0x00001664   0x00001664   0x00000024   Code   RO          145    .text.osKernelStart  RTX_CM0.lib(rtx_kernel.o)
    0x00001688   0x00001688   0x00000074   Code   RO          546    .text.osMessageQueueGet  RTX_CM0.lib(rtx_msgqueue.o)
    0x000016fc   0x000016fc   0x00000024   Code   RO          540    .text.osMessageQueueNew  RTX_CM0.lib(rtx_msgqueue.o)
    0x00001720   0x00001720   0x00000078   Code   RO          544    .text.osMessageQueuePut  RTX_CM0.lib(rtx_msgqueue.o)
    0x00001798   0x00001798   0x00000028   Code   RO          354    .text.osMutexAcquire  RTX_CM0.lib(rtx_mutex.o)
    0x000017c0   0x000017c0   0x00000028   Code   RO          360    .text.osMutexDelete  RTX_CM0.lib(rtx_mutex.o)
    0x000017e8   0x000017e8   0x00000024   Code   RO          350    .text.osMutexNew    RTX_CM0.lib(rtx_mutex.o)
    0x0000180c   0x0000180c   0x00000028   Code   RO          356    .text.osMutexRelease  RTX_CM0.lib(rtx_mutex.o)
    0x00001834   0x00001834   0x0000003a   Code   RO          100    .text.osRtxErrorNotify  rtx_config.o
    0x0000186e   0x0000186e   0x00000008   Code   RO           98    .text.osRtxIdleThread  rtx_config.o
    0x00001876   0x00001876   0x0000007c   Code   RO          431    .text.osRtxMemoryAlloc  RTX_CM0.lib(rtx_memory.o)
    0x000018f2   0x000018f2   0x0000004e   Code   RO          433    .text.osRtxMemoryFree  RTX_CM0.lib(rtx_memory.o)
    0x00001940   0x00001940   0x00000032   Code   RO          429    .text.osRtxMemoryInit  RTX_CM0.lib(rtx_memory.o)
    0x00001972   0x00001972   0x0000002e   Code   RO          446    .text.osRtxMemoryPoolAlloc  RTX_CM0.lib(rtx_mempool.o)
    0x000019a0   0x000019a0   0x0000003a   Code   RO          448    .text.osRtxMemoryPoolFree  RTX_CM0.lib(rtx_mempool.o)
    0x000019da   0x000019da   0x0000003e   Code   RO          444    .text.osRtxMemoryPoolInit  RTX_CM0.lib(rtx_mempool.o)
    0x00001a18   0x00001a18   0x000000bc   Code   RO          570    .text.osRtxMessageQueuePostProcess  RTX_CM0.lib(rtx_msgqueue.o)
    0x00001ad4   0x00001ad4   0x00000044   Code   RO          348    .text.osRtxMutexOwnerRelease  RTX_CM0.lib(rtx_mutex.o)
    0x00001b18   0x00001b18   0x0000007c   Code   RO          499    .text.osRtxPendSV_Handler  RTX_CM0.lib(rtx_system.o)
    0x00001b94   0x00001b94   0x00000068   Code   RO          501    .text.osRtxPostProcess  RTX_CM0.lib(rtx_system.o)
    0x00001bfc   0x00001bfc   0x00000034   Code   RO          218    .text.osRtxThreadBlock  RTX_CM0.lib(rtx_thread.o)
    0x00001c30   0x00001c30   0x0000007c   Code   RO          226    .text.osRtxThreadDelayInsert  RTX_CM0.lib(rtx_thread.o)
    0x00001cac   0x00001cac   0x00000040   Code   RO          222    .text.osRtxThreadDelayRemove  RTX_CM0.lib(rtx_thread.o)
    0x00001cec   0x00001cec   0x00000034   Code   RO          208    .text.osRtxThreadDelayTick  RTX_CM0.lib(rtx_thread.o)
    0x00001d20   0x00001d20   0x0000004c   Code   RO          216    .text.osRtxThreadDispatch  RTX_CM0.lib(rtx_thread.o)
    0x00001d6c   0x00001d6c   0x00000050   Code   RO          302    .text.osRtxThreadFree  RTX_CM0.lib(rtx_thread.o)
    0x00001dbc   0x00001dbc   0x00000014   Code   RO          200    .text.osRtxThreadListGet  RTX_CM0.lib(rtx_thread.o)
    0x00001dd0   0x00001dd0   0x0000002c   Code   RO          198    .text.osRtxThreadListPut  RTX_CM0.lib(rtx_thread.o)
    0x00001dfc   0x00001dfc   0x00000018   Code   RO          204    .text.osRtxThreadListRemove  RTX_CM0.lib(rtx_thread.o)
    0x00001e14   0x00001e14   0x00000026   Code   RO          202    .text.osRtxThreadListSort  RTX_CM0.lib(rtx_thread.o)
    0x00001e3a   0x00001e3a   0x00000026   Code   RO          276    .text.osRtxThreadPostProcess  RTX_CM0.lib(rtx_thread.o)
    0x00001e60   0x00001e60   0x00000014   Code   RO          206    .text.osRtxThreadReadyPut  RTX_CM0.lib(rtx_thread.o)
    0x00001e74   0x00001e74   0x00000006   Code   RO          210    .text.osRtxThreadRegPtr  RTX_CM0.lib(rtx_thread.o)
    0x00001e7a   0x00001e7a   0x00000002   PAD
    0x00001e7c   0x00001e7c   0x00000038   Code   RO          228    .text.osRtxThreadStartup  RTX_CM0.lib(rtx_thread.o)
    0x00001eb4   0x00001eb4   0x00000014   Code   RO          212    .text.osRtxThreadSwitch  RTX_CM0.lib(rtx_thread.o)
    0x00001ec8   0x00001ec8   0x0000003c   Code   RO          224    .text.osRtxThreadWaitEnter  RTX_CM0.lib(rtx_thread.o)
    0x00001f04   0x00001f04   0x00000022   Code   RO          220    .text.osRtxThreadWaitExit  RTX_CM0.lib(rtx_thread.o)
    0x00001f26   0x00001f26   0x00000002   PAD
    0x00001f28   0x00001f28   0x00000070   Code   RO          497    .text.osRtxTick_Handler  RTX_CM0.lib(rtx_system.o)
    0x00001f98   0x00001f98   0x00000038   Code   RO          388    .text.osRtxTimerThread  RTX_CM0.lib(rtx_timer.o)
    0x00001fd0   0x00001fd0   0x00000060   Code   RO          390    .text.osRtxTimerTick  RTX_CM0.lib(rtx_timer.o)
    0x00002030   0x00002030   0x0000000c   Code   RO          260    .text.osThreadExit  RTX_CM0.lib(rtx_thread.o)
    0x0000203c   0x0000203c   0x00000024   Code   RO          232    .text.osThreadNew   RTX_CM0.lib(rtx_thread.o)
    0x00002060   0x00002060   0x0000002c   Code   RO           67    .text.os_kernel_is_active  rtx_lib.o
    0x0000208c   0x0000208c   0x00000012   Code   RO          335    .text.svcRtxDelay   RTX_CM0.lib(rtx_delay.o)
    0x0000209e   0x0000209e   0x00000002   PAD
    0x000020a0   0x000020a0   0x0000000c   Code   RO          143    .text.svcRtxKernelGetState  RTX_CM0.lib(rtx_kernel.o)
    0x000020ac   0x000020ac   0x00000148   Code   RO          173    .text.svcRtxKernelInitialize  RTX_CM0.lib(rtx_kernel.o)
    0x000021f4   0x000021f4   0x00000084   Code   RO          175    .text.svcRtxKernelStart  RTX_CM0.lib(rtx_kernel.o)
    0x00002278   0x00002278   0x000000e8   Code   RO          582    .text.svcRtxMessageQueueGet  RTX_CM0.lib(rtx_msgqueue.o)
    0x00002360   0x00002360   0x000001e4   Code   RO          568    .text.svcRtxMessageQueueNew  RTX_CM0.lib(rtx_msgqueue.o)
    0x00002544   0x00002544   0x000000b8   Code   RO          578    .text.svcRtxMessageQueuePut  RTX_CM0.lib(rtx_msgqueue.o)
    0x000025fc   0x000025fc   0x00000098   Code   RO          366    .text.svcRtxMutexAcquire  RTX_CM0.lib(rtx_mutex.o)
    0x00002694   0x00002694   0x000000b8   Code   RO          372    .text.svcRtxMutexDelete  RTX_CM0.lib(rtx_mutex.o)
    0x0000274c   0x0000274c   0x00000070   Code   RO          362    .text.svcRtxMutexNew  RTX_CM0.lib(rtx_mutex.o)
    0x000027bc   0x000027bc   0x000000c0   Code   RO          368    .text.svcRtxMutexRelease  RTX_CM0.lib(rtx_mutex.o)
    0x0000287c   0x0000287c   0x0000006c   Code   RO          306    .text.svcRtxThreadExit  RTX_CM0.lib(rtx_thread.o)
    0x000028e8   0x000028e8   0x000001ec   Code   RO          230    .text.svcRtxThreadNew  RTX_CM0.lib(rtx_thread.o)
    0x00002ad4   0x00002ad4   0x00000064   Code   RO           44    .text.tBrain        main.o
    0x00002b38   0x00002b38   0x000000b0   Code   RO          619    x$fpl$fmul          fz_ps.l(fmul.o)
    0x00002be8   0x00002be8   0x00000000   Code   RO          626    x$fpl$usenofp       fz_ps.l(usenofp.o)
    0x00002be8   0x00002be8   0x00000040   Data   RO          613    .constdata          fz_ps.l(fdiv.o)
    0x00002c28   0x00002c28   0x00000068   Data   RO           81    .rodata             rtx_lib.o
    0x00002c90   0x00002c90   0x00000038   Data   RO           84    .rodata             rtx_lib.o
    0x00002cc8   0x00002cc8   0x00000004   Data   RO           83    .rodata.osRtxUserSVC  rtx_lib.o
    0x00002ccc   0x00002ccc   0x00000024   Data   RO           78    .rodata.os_idle_thread_attr  rtx_lib.o
    0x00002cf0   0x00002cf0   0x00000018   Data   RO           80    .rodata.os_timer_mq_attr  rtx_lib.o
    0x00002d08   0x00002d08   0x00000024   Data   RO           79    .rodata.os_timer_thread_attr  rtx_lib.o
    0x00002d2c   0x00002d2c   0x0000000b   Data   RO          187    .rodata.str1.4      RTX_CM0.lib(rtx_kernel.o)
    0x00002d37   0x00002d37   0x00000001   PAD
    0x00002d38   0x00002d38   0x00000020   Data   RO          794    Region$$Table       anon$$obj.o


    Execution Region ER_RW (Exec base: 0x1ffff000, Load base: 0x00002d58, Size: 0x000001a8, Max: 0xffffffff, ABSOLUTE, COMPRESSED[0x0000004c])

    Exec Addr    Load Addr    Size         Type   Attr      Idx    E Section Name        Object

    0x1ffff000   COMPRESSED   0x00000004   Data   RW          125    .data.SystemCoreClock  system_mkl25z4.o
    0x1ffff004   COMPRESSED   0x000000a4   Data   RW          188    .data.os            RTX_CM0.lib(rtx_kernel.o)
    0x1ffff0a8   COMPRESSED   0x00000100   Data   RW           49    .data.songMain      main.o


    Execution Region ER_ZI (Exec base: 0x1ffff1a8, Load base: 0x00002da4, Size: 0x000086c8, Max: 0xffffffff, ABSOLUTE)

    Exec Addr    Load Addr    Size         Type   Attr      Idx    E Section Name        Object

    0x1ffff1a8        -       0x00000060   Zero   RW          658    .bss                c_p.l(libspace.o)
    0x1ffff208        -       0x00000001   Zero   RW          530    .bss.PendST         RTX_CM0.lib(os_systick.o)
    0x1ffff209   0x00002da4   0x00000003   PAD
    0x1ffff20c        -       0x00000004   Zero   RW           51    .bss.currNote       main.o
    0x1ffff210        -       0x00000001   Zero   RW           52    .bss.data           main.o
    0x1ffff211   0x00002da4   0x00000007   PAD
    0x1ffff218        -       0x00008040   Zero   RW           77    .bss.os             rtx_lib.o
    0x20007258        -       0x00000034   Zero   RW           88    .bss.os.msgqueue.cb  rtx_lib.o
    0x2000728c        -       0x00000050   Zero   RW           89    .bss.os.msgqueue.mem  rtx_lib.o
    0x200072dc        -       0x00000088   Zero   RW           86    .bss.os.thread.cb   rtx_lib.o
    0x20007364   0x00002da4   0x00000004   PAD
    0x20007368        -       0x00000400   Zero   RW           87    .bss.os.thread.stack  rtx_lib.o
    0x20007768        -       0x00000001   Zero   RW           90    .bss.os_kernel_is_active.os_kernel_active  rtx_lib.o
    0x20007769   0x00002da4   0x00000007   PAD
    0x20007770        -       0x00000000   Zero   RW          109    HEAP                startup_mkl25z4.o
    0x20007770        -       0x00000100   Zero   RW          108    STACK               startup_mkl25z4.o


==============================================================================

Image component sizes


      Code (inc. data)   RO Data    RW Data    ZI Data      Debug   Object Name

      2268        312          0        256          5       7460   main.o
        66         16          0          0          0        740   rtx_config.o
       188          4        260          0      34125       7163   rtx_lib.o
        80         44        192          0        256        936   startup_mkl25z4.o
       864        100          0          4          0       3341   system_mkl25z4.o

    ----------------------------------------------------------------------
      3468        476        484        260      34404      19640   Object Totals
         0          0         32          0          0          0   (incl. Generated)
         2          0          0          0         18          0   (incl. Padding)

    ----------------------------------------------------------------------

      Code (inc. data)   RO Data    RW Data    ZI Data      Debug   Library Member Name

       164          8          0          0          0        496   irq_cm0.o
       122         16          0          0          1       2766   os_systick.o
        58          4          0          0          0       2753   rtx_delay.o
       598         48         11        164          0      16105   rtx_kernel.o
       252          0          0          0          0       2564   rtx_memory.o
       166          0          0          0          0      14282   rtx_mempool.o
      1564         40          0          0          0      17889   rtx_msgqueue.o
       864         28          0          0          0       9201   rtx_mutex.o
       340         14          0          0          0       4635   rtx_system.o
      1534         52          0          0          0      30867   rtx_thread.o
       228         16          0          0          0      10018   rtx_timer.o
        86          0          0          0          0          0   __dczerorl2.o
         8          0          0          0          0         68   __main.o
         0          0          0          0          0          0   __rtentry.o
        20          0          0          0          0          0   __rtentry2.o
         6          0          0          0          0          0   __rtentry4.o
        86         10          0          0          0          0   __scatter.o
        28          0          0          0          0          0   __scatter_zi.o
       364          4          0          0          0         92   aeabi_sdiv.o
        16          0          0          0          0         68   exit.o
         6          0          0          0          0        136   heapauxi.o
         0          0          0          0          0          0   indicate_semi.o
         2          0          0          0          0          0   libinit.o
         2          0          0          0          0          0   libinit2.o
         2          0          0          0          0          0   libshutdown.o
         2          0          0          0          0          0   libshutdown2.o
         8          4          0          0         96         68   libspace.o
        64          0          0          0          0        108   rt_memclr.o
       186          0          0          0          0        144   rt_memcpy.o
         2          0          0          0          0          0   rtexit.o
        10          0          0          0          0          0   rtexit2.o
        12          4          0          0          0         60   sys_exit.o
        62          0          0          0          0         80   sys_stackheap_outer.o
         2          0          0          0          0         68   use_no_semi.o
       352         10         64          0          0         92   fdiv.o
        76          0          0          0          0         68   ffixi.o
        94          0          0          0          0         92   fflti.o
       176          4          0          0          0         80   fmul.o
         0          0          0          0          0          0   usenofp.o

    ----------------------------------------------------------------------
      7580        262         76        164        100     112800   Library Totals
        18          0          1          0          3          0   (incl. Padding)

    ----------------------------------------------------------------------

      Code (inc. data)   RO Data    RW Data    ZI Data      Debug   Library Name

      5890        226         11        164          1     111576   RTX_CM0.lib
       974         22          0          0         96        892   c_p.l
       698         14         64          0          0        332   fz_ps.l

    ----------------------------------------------------------------------
      7580        262         76        164        100     112800   Library Totals

    ----------------------------------------------------------------------

==============================================================================


      Code (inc. data)   RO Data    RW Data    ZI Data      Debug   

     11048        738        560        424      34504     131788   Grand Totals
     11048        738        560         76      34504     131788   ELF Image Totals (compressed)
     11048        738        560         76          0          0   ROM Totals

==============================================================================

    Total RO  Size (Code + RO Data)                11608 (  11.34kB)
    Total RW  Size (RW Data + ZI Data)             34928 (  34.11kB)
    Total ROM Size (Code + RO Data + RW Data)      11684 (  11.41kB)

==============================================================================

